  Determining projects to restore...
  Restored /home/hhh/repos/Xantham/scripts/.partition-work/Fidelity.CloudEdge.Workers/Fidelity.CloudEdge.Workers.fsproj (in 122 ms).
  2 of 3 projects are up-to-date for restore.
  Xantham.Fable.Core -> /home/hhh/repos/Xantham/src/Xantham.Fable.Core/bin/Debug/net10.0/Xantham.Fable.Core.dll
  Fidelity.CloudEdge.Zod -> /home/hhh/repos/Xantham/scripts/.partition-work/Fidelity.CloudEdge.Zod/bin/Debug/net10.0/Fidelity.CloudEdge.Zod.dll
/home/hhh/repos/Xantham/scripts/.partition-work/Fidelity.CloudEdge.Workers/Fidelity.CloudEdge.Workers.fs(1787,41): warning FS0046: The identifier 'params' is reserved for future use by F# [/home/hhh/repos/Xantham/scripts/.partition-work/Fidelity.CloudEdge.Workers/Fidelity.CloudEdge.Workers.fsproj]
/home/hhh/repos/Xantham/scripts/.partition-work/Fidelity.CloudEdge.Workers/Fidelity.CloudEdge.Workers.fs(1788,38): warning FS0046: The identifier 'params' is reserved for future use by F# [/home/hhh/repos/Xantham/scripts/.partition-work/Fidelity.CloudEdge.Workers/Fidelity.CloudEdge.Workers.fsproj]
/home/hhh/repos/Xantham/scripts/.partition-work/Fidelity.CloudEdge.Workers/Fidelity.CloudEdge.Workers.fs(1859,26): warning FS0046: The identifier 'params' is reserved for future use by F# [/home/hhh/repos/Xantham/scripts/.partition-work/Fidelity.CloudEdge.Workers/Fidelity.CloudEdge.Workers.fsproj]
/home/hhh/repos/Xantham/scripts/.partition-work/Fidelity.CloudEdge.Workers/Fidelity.CloudEdge.Workers.fs(1860,35): warning FS0046: The identifier 'params' is reserved for future use by F# [/home/hhh/repos/Xantham/scripts/.partition-work/Fidelity.CloudEdge.Workers/Fidelity.CloudEdge.Workers.fsproj]
/home/hhh/repos/Xantham/scripts/.partition-work/Fidelity.CloudEdge.Workers/Fidelity.CloudEdge.Workers.fs(1861,35): warning FS0046: The identifier 'params' is reserved for future use by F# [/home/hhh/repos/Xantham/scripts/.partition-work/Fidelity.CloudEdge.Workers/Fidelity.CloudEdge.Workers.fsproj]
/home/hhh/repos/Xantham/scripts/.partition-work/Fidelity.CloudEdge.Workers/Fidelity.CloudEdge.Workers.fs(2046,18): warning FS0046: The identifier 'params' is reserved for future use by F# [/home/hhh/repos/Xantham/scripts/.partition-work/Fidelity.CloudEdge.Workers/Fidelity.CloudEdge.Workers.fsproj]
/home/hhh/repos/Xantham/scripts/.partition-work/Fidelity.CloudEdge.Workers/Fidelity.CloudEdge.Workers.fs(2390,18): warning FS0046: The identifier 'params' is reserved for future use by F# [/home/hhh/repos/Xantham/scripts/.partition-work/Fidelity.CloudEdge.Workers/Fidelity.CloudEdge.Workers.fsproj]
/home/hhh/repos/Xantham/scripts/.partition-work/Fidelity.CloudEdge.Workers/Fidelity.CloudEdge.Workers.fs(2577,25): warning FS0046: The identifier 'params' is reserved for future use by F# [/home/hhh/repos/Xantham/scripts/.partition-work/Fidelity.CloudEdge.Workers/Fidelity.CloudEdge.Workers.fsproj]
/home/hhh/repos/Xantham/scripts/.partition-work/Fidelity.CloudEdge.Workers/Fidelity.CloudEdge.Workers.fs(2632,18): warning FS0046: The identifier 'include' is reserved for future use by F# [/home/hhh/repos/Xantham/scripts/.partition-work/Fidelity.CloudEdge.Workers/Fidelity.CloudEdge.Workers.fsproj]
/home/hhh/repos/Xantham/scripts/.partition-work/Fidelity.CloudEdge.Workers/Fidelity.CloudEdge.Workers.fs(3189,18): warning FS1104: Identifiers containing '@' are reserved for use in F# code generation [/home/hhh/repos/Xantham/scripts/.partition-work/Fidelity.CloudEdge.Workers/Fidelity.CloudEdge.Workers.fsproj]
/home/hhh/repos/Xantham/scripts/.partition-work/Fidelity.CloudEdge.Workers/Fidelity.CloudEdge.Workers.fs(3192,18): warning FS1104: Identifiers containing '@' are reserved for use in F# code generation [/home/hhh/repos/Xantham/scripts/.partition-work/Fidelity.CloudEdge.Workers/Fidelity.CloudEdge.Workers.fsproj]
/home/hhh/repos/Xantham/scripts/.partition-work/Fidelity.CloudEdge.Workers/Fidelity.CloudEdge.Workers.fs(3195,18): warning FS1104: Identifiers containing '@' are reserved for use in F# code generation [/home/hhh/repos/Xantham/scripts/.partition-work/Fidelity.CloudEdge.Workers/Fidelity.CloudEdge.Workers.fsproj]
/home/hhh/repos/Xantham/scripts/.partition-work/Fidelity.CloudEdge.Workers/Fidelity.CloudEdge.Workers.fs(3198,18): warning FS1104: Identifiers containing '@' are reserved for use in F# code generation [/home/hhh/repos/Xantham/scripts/.partition-work/Fidelity.CloudEdge.Workers/Fidelity.CloudEdge.Workers.fsproj]
/home/hhh/repos/Xantham/scripts/.partition-work/Fidelity.CloudEdge.Workers/Fidelity.CloudEdge.Workers.fs(3201,18): warning FS1104: Identifiers containing '@' are reserved for use in F# code generation [/home/hhh/repos/Xantham/scripts/.partition-work/Fidelity.CloudEdge.Workers/Fidelity.CloudEdge.Workers.fsproj]
/home/hhh/repos/Xantham/scripts/.partition-work/Fidelity.CloudEdge.Workers/Fidelity.CloudEdge.Workers.fs(3204,18): warning FS1104: Identifiers containing '@' are reserved for use in F# code generation [/home/hhh/repos/Xantham/scripts/.partition-work/Fidelity.CloudEdge.Workers/Fidelity.CloudEdge.Workers.fsproj]
/home/hhh/repos/Xantham/scripts/.partition-work/Fidelity.CloudEdge.Workers/Fidelity.CloudEdge.Workers.fs(3207,18): warning FS1104: Identifiers containing '@' are reserved for use in F# code generation [/home/hhh/repos/Xantham/scripts/.partition-work/Fidelity.CloudEdge.Workers/Fidelity.CloudEdge.Workers.fsproj]
/home/hhh/repos/Xantham/scripts/.partition-work/Fidelity.CloudEdge.Workers/Fidelity.CloudEdge.Workers.fs(3210,18): warning FS1104: Identifiers containing '@' are reserved for use in F# code generation [/home/hhh/repos/Xantham/scripts/.partition-work/Fidelity.CloudEdge.Workers/Fidelity.CloudEdge.Workers.fsproj]
/home/hhh/repos/Xantham/scripts/.partition-work/Fidelity.CloudEdge.Workers/Fidelity.CloudEdge.Workers.fs(3213,18): warning FS1104: Identifiers containing '@' are reserved for use in F# code generation [/home/hhh/repos/Xantham/scripts/.partition-work/Fidelity.CloudEdge.Workers/Fidelity.CloudEdge.Workers.fsproj]
/home/hhh/repos/Xantham/scripts/.partition-work/Fidelity.CloudEdge.Workers/Fidelity.CloudEdge.Workers.fs(3216,18): warning FS1104: Identifiers containing '@' are reserved for use in F# code generation [/home/hhh/repos/Xantham/scripts/.partition-work/Fidelity.CloudEdge.Workers/Fidelity.CloudEdge.Workers.fsproj]
/home/hhh/repos/Xantham/scripts/.partition-work/Fidelity.CloudEdge.Workers/Fidelity.CloudEdge.Workers.fs(3219,18): warning FS1104: Identifiers containing '@' are reserved for use in F# code generation [/home/hhh/repos/Xantham/scripts/.partition-work/Fidelity.CloudEdge.Workers/Fidelity.CloudEdge.Workers.fsproj]
/home/hhh/repos/Xantham/scripts/.partition-work/Fidelity.CloudEdge.Workers/Fidelity.CloudEdge.Workers.fs(3222,18): warning FS1104: Identifiers containing '@' are reserved for use in F# code generation [/home/hhh/repos/Xantham/scripts/.partition-work/Fidelity.CloudEdge.Workers/Fidelity.CloudEdge.Workers.fsproj]
/home/hhh/repos/Xantham/scripts/.partition-work/Fidelity.CloudEdge.Workers/Fidelity.CloudEdge.Workers.fs(3225,18): warning FS1104: Identifiers containing '@' are reserved for use in F# code generation [/home/hhh/repos/Xantham/scripts/.partition-work/Fidelity.CloudEdge.Workers/Fidelity.CloudEdge.Workers.fsproj]
/home/hhh/repos/Xantham/scripts/.partition-work/Fidelity.CloudEdge.Workers/Fidelity.CloudEdge.Workers.fs(3228,18): warning FS1104: Identifiers containing '@' are reserved for use in F# code generation [/home/hhh/repos/Xantham/scripts/.partition-work/Fidelity.CloudEdge.Workers/Fidelity.CloudEdge.Workers.fsproj]
/home/hhh/repos/Xantham/scripts/.partition-work/Fidelity.CloudEdge.Workers/Fidelity.CloudEdge.Workers.fs(3231,18): warning FS1104: Identifiers containing '@' are reserved for use in F# code generation [/home/hhh/repos/Xantham/scripts/.partition-work/Fidelity.CloudEdge.Workers/Fidelity.CloudEdge.Workers.fsproj]
/home/hhh/repos/Xantham/scripts/.partition-work/Fidelity.CloudEdge.Workers/Fidelity.CloudEdge.Workers.fs(3234,18): warning FS1104: Identifiers containing '@' are reserved for use in F# code generation [/home/hhh/repos/Xantham/scripts/.partition-work/Fidelity.CloudEdge.Workers/Fidelity.CloudEdge.Workers.fsproj]
/home/hhh/repos/Xantham/scripts/.partition-work/Fidelity.CloudEdge.Workers/Fidelity.CloudEdge.Workers.fs(3237,18): warning FS1104: Identifiers containing '@' are reserved for use in F# code generation [/home/hhh/repos/Xantham/scripts/.partition-work/Fidelity.CloudEdge.Workers/Fidelity.CloudEdge.Workers.fsproj]
/home/hhh/repos/Xantham/scripts/.partition-work/Fidelity.CloudEdge.Workers/Fidelity.CloudEdge.Workers.fs(3240,18): warning FS1104: Identifiers containing '@' are reserved for use in F# code generation [/home/hhh/repos/Xantham/scripts/.partition-work/Fidelity.CloudEdge.Workers/Fidelity.CloudEdge.Workers.fsproj]
/home/hhh/repos/Xantham/scripts/.partition-work/Fidelity.CloudEdge.Workers/Fidelity.CloudEdge.Workers.fs(3243,18): warning FS1104: Identifiers containing '@' are reserved for use in F# code generation [/home/hhh/repos/Xantham/scripts/.partition-work/Fidelity.CloudEdge.Workers/Fidelity.CloudEdge.Workers.fsproj]
/home/hhh/repos/Xantham/scripts/.partition-work/Fidelity.CloudEdge.Workers/Fidelity.CloudEdge.Workers.fs(3246,18): warning FS1104: Identifiers containing '@' are reserved for use in F# code generation [/home/hhh/repos/Xantham/scripts/.partition-work/Fidelity.CloudEdge.Workers/Fidelity.CloudEdge.Workers.fsproj]
/home/hhh/repos/Xantham/scripts/.partition-work/Fidelity.CloudEdge.Workers/Fidelity.CloudEdge.Workers.fs(3249,18): warning FS1104: Identifiers containing '@' are reserved for use in F# code generation [/home/hhh/repos/Xantham/scripts/.partition-work/Fidelity.CloudEdge.Workers/Fidelity.CloudEdge.Workers.fsproj]
/home/hhh/repos/Xantham/scripts/.partition-work/Fidelity.CloudEdge.Workers/Fidelity.CloudEdge.Workers.fs(3252,18): warning FS1104: Identifiers containing '@' are reserved for use in F# code generation [/home/hhh/repos/Xantham/scripts/.partition-work/Fidelity.CloudEdge.Workers/Fidelity.CloudEdge.Workers.fsproj]
/home/hhh/repos/Xantham/scripts/.partition-work/Fidelity.CloudEdge.Workers/Fidelity.CloudEdge.Workers.fs(3255,18): warning FS1104: Identifiers containing '@' are reserved for use in F# code generation [/home/hhh/repos/Xantham/scripts/.partition-work/Fidelity.CloudEdge.Workers/Fidelity.CloudEdge.Workers.fsproj]
/home/hhh/repos/Xantham/scripts/.partition-work/Fidelity.CloudEdge.Workers/Fidelity.CloudEdge.Workers.fs(3258,18): warning FS1104: Identifiers containing '@' are reserved for use in F# code generation [/home/hhh/repos/Xantham/scripts/.partition-work/Fidelity.CloudEdge.Workers/Fidelity.CloudEdge.Workers.fsproj]
/home/hhh/repos/Xantham/scripts/.partition-work/Fidelity.CloudEdge.Workers/Fidelity.CloudEdge.Workers.fs(3261,18): warning FS1104: Identifiers containing '@' are reserved for use in F# code generation [/home/hhh/repos/Xantham/scripts/.partition-work/Fidelity.CloudEdge.Workers/Fidelity.CloudEdge.Workers.fsproj]
/home/hhh/repos/Xantham/scripts/.partition-work/Fidelity.CloudEdge.Workers/Fidelity.CloudEdge.Workers.fs(3264,18): warning FS1104: Identifiers containing '@' are reserved for use in F# code generation [/home/hhh/repos/Xantham/scripts/.partition-work/Fidelity.CloudEdge.Workers/Fidelity.CloudEdge.Workers.fsproj]
/home/hhh/repos/Xantham/scripts/.partition-work/Fidelity.CloudEdge.Workers/Fidelity.CloudEdge.Workers.fs(3267,18): warning FS1104: Identifiers containing '@' are reserved for use in F# code generation [/home/hhh/repos/Xantham/scripts/.partition-work/Fidelity.CloudEdge.Workers/Fidelity.CloudEdge.Workers.fsproj]
/home/hhh/repos/Xantham/scripts/.partition-work/Fidelity.CloudEdge.Workers/Fidelity.CloudEdge.Workers.fs(3270,18): warning FS1104: Identifiers containing '@' are reserved for use in F# code generation [/home/hhh/repos/Xantham/scripts/.partition-work/Fidelity.CloudEdge.Workers/Fidelity.CloudEdge.Workers.fsproj]
/home/hhh/repos/Xantham/scripts/.partition-work/Fidelity.CloudEdge.Workers/Fidelity.CloudEdge.Workers.fs(3273,18): warning FS1104: Identifiers containing '@' are reserved for use in F# code generation [/home/hhh/repos/Xantham/scripts/.partition-work/Fidelity.CloudEdge.Workers/Fidelity.CloudEdge.Workers.fsproj]
/home/hhh/repos/Xantham/scripts/.partition-work/Fidelity.CloudEdge.Workers/Fidelity.CloudEdge.Workers.fs(3276,18): warning FS1104: Identifiers containing '@' are reserved for use in F# code generation [/home/hhh/repos/Xantham/scripts/.partition-work/Fidelity.CloudEdge.Workers/Fidelity.CloudEdge.Workers.fsproj]
/home/hhh/repos/Xantham/scripts/.partition-work/Fidelity.CloudEdge.Workers/Fidelity.CloudEdge.Workers.fs(3279,18): warning FS1104: Identifiers containing '@' are reserved for use in F# code generation [/home/hhh/repos/Xantham/scripts/.partition-work/Fidelity.CloudEdge.Workers/Fidelity.CloudEdge.Workers.fsproj]
/home/hhh/repos/Xantham/scripts/.partition-work/Fidelity.CloudEdge.Workers/Fidelity.CloudEdge.Workers.fs(3282,18): warning FS1104: Identifiers containing '@' are reserved for use in F# code generation [/home/hhh/repos/Xantham/scripts/.partition-work/Fidelity.CloudEdge.Workers/Fidelity.CloudEdge.Workers.fsproj]
/home/hhh/repos/Xantham/scripts/.partition-work/Fidelity.CloudEdge.Workers/Fidelity.CloudEdge.Workers.fs(3285,18): warning FS1104: Identifiers containing '@' are reserved for use in F# code generation [/home/hhh/repos/Xantham/scripts/.partition-work/Fidelity.CloudEdge.Workers/Fidelity.CloudEdge.Workers.fsproj]
/home/hhh/repos/Xantham/scripts/.partition-work/Fidelity.CloudEdge.Workers/Fidelity.CloudEdge.Workers.fs(3288,18): warning FS1104: Identifiers containing '@' are reserved for use in F# code generation [/home/hhh/repos/Xantham/scripts/.partition-work/Fidelity.CloudEdge.Workers/Fidelity.CloudEdge.Workers.fsproj]
/home/hhh/repos/Xantham/scripts/.partition-work/Fidelity.CloudEdge.Workers/Fidelity.CloudEdge.Workers.fs(3291,18): warning FS1104: Identifiers containing '@' are reserved for use in F# code generation [/home/hhh/repos/Xantham/scripts/.partition-work/Fidelity.CloudEdge.Workers/Fidelity.CloudEdge.Workers.fsproj]
/home/hhh/repos/Xantham/scripts/.partition-work/Fidelity.CloudEdge.Workers/Fidelity.CloudEdge.Workers.fs(3294,18): warning FS1104: Identifiers containing '@' are reserved for use in F# code generation [/home/hhh/repos/Xantham/scripts/.partition-work/Fidelity.CloudEdge.Workers/Fidelity.CloudEdge.Workers.fsproj]
/home/hhh/repos/Xantham/scripts/.partition-work/Fidelity.CloudEdge.Workers/Fidelity.CloudEdge.Workers.fs(3297,18): warning FS1104: Identifiers containing '@' are reserved for use in F# code generation [/home/hhh/repos/Xantham/scripts/.partition-work/Fidelity.CloudEdge.Workers/Fidelity.CloudEdge.Workers.fsproj]
/home/hhh/repos/Xantham/scripts/.partition-work/Fidelity.CloudEdge.Workers/Fidelity.CloudEdge.Workers.fs(3300,18): warning FS1104: Identifiers containing '@' are reserved for use in F# code generation [/home/hhh/repos/Xantham/scripts/.partition-work/Fidelity.CloudEdge.Workers/Fidelity.CloudEdge.Workers.fsproj]
/home/hhh/repos/Xantham/scripts/.partition-work/Fidelity.CloudEdge.Workers/Fidelity.CloudEdge.Workers.fs(3303,18): warning FS1104: Identifiers containing '@' are reserved for use in F# code generation [/home/hhh/repos/Xantham/scripts/.partition-work/Fidelity.CloudEdge.Workers/Fidelity.CloudEdge.Workers.fsproj]
/home/hhh/repos/Xantham/scripts/.partition-work/Fidelity.CloudEdge.Workers/Fidelity.CloudEdge.Workers.fs(3306,18): warning FS1104: Identifiers containing '@' are reserved for use in F# code generation [/home/hhh/repos/Xantham/scripts/.partition-work/Fidelity.CloudEdge.Workers/Fidelity.CloudEdge.Workers.fsproj]
/home/hhh/repos/Xantham/scripts/.partition-work/Fidelity.CloudEdge.Workers/Fidelity.CloudEdge.Workers.fs(3309,18): warning FS1104: Identifiers containing '@' are reserved for use in F# code generation [/home/hhh/repos/Xantham/scripts/.partition-work/Fidelity.CloudEdge.Workers/Fidelity.CloudEdge.Workers.fsproj]
/home/hhh/repos/Xantham/scripts/.partition-work/Fidelity.CloudEdge.Workers/Fidelity.CloudEdge.Workers.fs(3312,18): warning FS1104: Identifiers containing '@' are reserved for use in F# code generation [/home/hhh/repos/Xantham/scripts/.partition-work/Fidelity.CloudEdge.Workers/Fidelity.CloudEdge.Workers.fsproj]
/home/hhh/repos/Xantham/scripts/.partition-work/Fidelity.CloudEdge.Workers/Fidelity.CloudEdge.Workers.fs(3315,18): warning FS1104: Identifiers containing '@' are reserved for use in F# code generation [/home/hhh/repos/Xantham/scripts/.partition-work/Fidelity.CloudEdge.Workers/Fidelity.CloudEdge.Workers.fsproj]
/home/hhh/repos/Xantham/scripts/.partition-work/Fidelity.CloudEdge.Workers/Fidelity.CloudEdge.Workers.fs(3318,18): warning FS1104: Identifiers containing '@' are reserved for use in F# code generation [/home/hhh/repos/Xantham/scripts/.partition-work/Fidelity.CloudEdge.Workers/Fidelity.CloudEdge.Workers.fsproj]
/home/hhh/repos/Xantham/scripts/.partition-work/Fidelity.CloudEdge.Workers/Fidelity.CloudEdge.Workers.fs(3321,18): warning FS1104: Identifiers containing '@' are reserved for use in F# code generation [/home/hhh/repos/Xantham/scripts/.partition-work/Fidelity.CloudEdge.Workers/Fidelity.CloudEdge.Workers.fsproj]
/home/hhh/repos/Xantham/scripts/.partition-work/Fidelity.CloudEdge.Workers/Fidelity.CloudEdge.Workers.fs(3324,18): warning FS1104: Identifiers containing '@' are reserved for use in F# code generation [/home/hhh/repos/Xantham/scripts/.partition-work/Fidelity.CloudEdge.Workers/Fidelity.CloudEdge.Workers.fsproj]
/home/hhh/repos/Xantham/scripts/.partition-work/Fidelity.CloudEdge.Workers/Fidelity.CloudEdge.Workers.fs(3327,18): warning FS1104: Identifiers containing '@' are reserved for use in F# code generation [/home/hhh/repos/Xantham/scripts/.partition-work/Fidelity.CloudEdge.Workers/Fidelity.CloudEdge.Workers.fsproj]
/home/hhh/repos/Xantham/scripts/.partition-work/Fidelity.CloudEdge.Workers/Fidelity.CloudEdge.Workers.fs(3330,18): warning FS1104: Identifiers containing '@' are reserved for use in F# code generation [/home/hhh/repos/Xantham/scripts/.partition-work/Fidelity.CloudEdge.Workers/Fidelity.CloudEdge.Workers.fsproj]
/home/hhh/repos/Xantham/scripts/.partition-work/Fidelity.CloudEdge.Workers/Fidelity.CloudEdge.Workers.fs(3333,18): warning FS1104: Identifiers containing '@' are reserved for use in F# code generation [/home/hhh/repos/Xantham/scripts/.partition-work/Fidelity.CloudEdge.Workers/Fidelity.CloudEdge.Workers.fsproj]
/home/hhh/repos/Xantham/scripts/.partition-work/Fidelity.CloudEdge.Workers/Fidelity.CloudEdge.Workers.fs(3336,18): warning FS1104: Identifiers containing '@' are reserved for use in F# code generation [/home/hhh/repos/Xantham/scripts/.partition-work/Fidelity.CloudEdge.Workers/Fidelity.CloudEdge.Workers.fsproj]
/home/hhh/repos/Xantham/scripts/.partition-work/Fidelity.CloudEdge.Workers/Fidelity.CloudEdge.Workers.fs(3339,18): warning FS1104: Identifiers containing '@' are reserved for use in F# code generation [/home/hhh/repos/Xantham/scripts/.partition-work/Fidelity.CloudEdge.Workers/Fidelity.CloudEdge.Workers.fsproj]
/home/hhh/repos/Xantham/scripts/.partition-work/Fidelity.CloudEdge.Workers/Fidelity.CloudEdge.Workers.fs(3342,18): warning FS1104: Identifiers containing '@' are reserved for use in F# code generation [/home/hhh/repos/Xantham/scripts/.partition-work/Fidelity.CloudEdge.Workers/Fidelity.CloudEdge.Workers.fsproj]
/home/hhh/repos/Xantham/scripts/.partition-work/Fidelity.CloudEdge.Workers/Fidelity.CloudEdge.Workers.fs(3345,18): warning FS1104: Identifiers containing '@' are reserved for use in F# code generation [/home/hhh/repos/Xantham/scripts/.partition-work/Fidelity.CloudEdge.Workers/Fidelity.CloudEdge.Workers.fsproj]
/home/hhh/repos/Xantham/scripts/.partition-work/Fidelity.CloudEdge.Workers/Fidelity.CloudEdge.Workers.fs(3348,18): warning FS1104: Identifiers containing '@' are reserved for use in F# code generation [/home/hhh/repos/Xantham/scripts/.partition-work/Fidelity.CloudEdge.Workers/Fidelity.CloudEdge.Workers.fsproj]
/home/hhh/repos/Xantham/scripts/.partition-work/Fidelity.CloudEdge.Workers/Fidelity.CloudEdge.Workers.fs(3351,18): warning FS1104: Identifiers containing '@' are reserved for use in F# code generation [/home/hhh/repos/Xantham/scripts/.partition-work/Fidelity.CloudEdge.Workers/Fidelity.CloudEdge.Workers.fsproj]
/home/hhh/repos/Xantham/scripts/.partition-work/Fidelity.CloudEdge.Workers/Fidelity.CloudEdge.Workers.fs(3354,18): warning FS1104: Identifiers containing '@' are reserved for use in F# code generation [/home/hhh/repos/Xantham/scripts/.partition-work/Fidelity.CloudEdge.Workers/Fidelity.CloudEdge.Workers.fsproj]
/home/hhh/repos/Xantham/scripts/.partition-work/Fidelity.CloudEdge.Workers/Fidelity.CloudEdge.Workers.fs(3357,18): warning FS1104: Identifiers containing '@' are reserved for use in F# code generation [/home/hhh/repos/Xantham/scripts/.partition-work/Fidelity.CloudEdge.Workers/Fidelity.CloudEdge.Workers.fsproj]
/home/hhh/repos/Xantham/scripts/.partition-work/Fidelity.CloudEdge.Workers/Fidelity.CloudEdge.Workers.fs(3360,18): warning FS1104: Identifiers containing '@' are reserved for use in F# code generation [/home/hhh/repos/Xantham/scripts/.partition-work/Fidelity.CloudEdge.Workers/Fidelity.CloudEdge.Workers.fsproj]
/home/hhh/repos/Xantham/scripts/.partition-work/Fidelity.CloudEdge.Workers/Fidelity.CloudEdge.Workers.fs(3363,18): warning FS1104: Identifiers containing '@' are reserved for use in F# code generation [/home/hhh/repos/Xantham/scripts/.partition-work/Fidelity.CloudEdge.Workers/Fidelity.CloudEdge.Workers.fsproj]
/home/hhh/repos/Xantham/scripts/.partition-work/Fidelity.CloudEdge.Workers/Fidelity.CloudEdge.Workers.fs(3366,18): warning FS1104: Identifiers containing '@' are reserved for use in F# code generation [/home/hhh/repos/Xantham/scripts/.partition-work/Fidelity.CloudEdge.Workers/Fidelity.CloudEdge.Workers.fsproj]
/home/hhh/repos/Xantham/scripts/.partition-work/Fidelity.CloudEdge.Workers/Fidelity.CloudEdge.Workers.fs(3369,18): warning FS1104: Identifiers containing '@' are reserved for use in F# code generation [/home/hhh/repos/Xantham/scripts/.partition-work/Fidelity.CloudEdge.Workers/Fidelity.CloudEdge.Workers.fsproj]
/home/hhh/repos/Xantham/scripts/.partition-work/Fidelity.CloudEdge.Workers/Fidelity.CloudEdge.Workers.fs(3372,18): warning FS1104: Identifiers containing '@' are reserved for use in F# code generation [/home/hhh/repos/Xantham/scripts/.partition-work/Fidelity.CloudEdge.Workers/Fidelity.CloudEdge.Workers.fsproj]
/home/hhh/repos/Xantham/scripts/.partition-work/Fidelity.CloudEdge.Workers/Fidelity.CloudEdge.Workers.fs(3375,18): warning FS1104: Identifiers containing '@' are reserved for use in F# code generation [/home/hhh/repos/Xantham/scripts/.partition-work/Fidelity.CloudEdge.Workers/Fidelity.CloudEdge.Workers.fsproj]
/home/hhh/repos/Xantham/scripts/.partition-work/Fidelity.CloudEdge.Workers/Fidelity.CloudEdge.Workers.fs(3378,18): warning FS1104: Identifiers containing '@' are reserved for use in F# code generation [/home/hhh/repos/Xantham/scripts/.partition-work/Fidelity.CloudEdge.Workers/Fidelity.CloudEdge.Workers.fsproj]
/home/hhh/repos/Xantham/scripts/.partition-work/Fidelity.CloudEdge.Workers/Fidelity.CloudEdge.Workers.fs(3381,18): warning FS1104: Identifiers containing '@' are reserved for use in F# code generation [/home/hhh/repos/Xantham/scripts/.partition-work/Fidelity.CloudEdge.Workers/Fidelity.CloudEdge.Workers.fsproj]
/home/hhh/repos/Xantham/scripts/.partition-work/Fidelity.CloudEdge.Workers/Fidelity.CloudEdge.Workers.fs(3384,18): warning FS1104: Identifiers containing '@' are reserved for use in F# code generation [/home/hhh/repos/Xantham/scripts/.partition-work/Fidelity.CloudEdge.Workers/Fidelity.CloudEdge.Workers.fsproj]
/home/hhh/repos/Xantham/scripts/.partition-work/Fidelity.CloudEdge.Workers/Fidelity.CloudEdge.Workers.fs(3387,18): warning FS1104: Identifiers containing '@' are reserved for use in F# code generation [/home/hhh/repos/Xantham/scripts/.partition-work/Fidelity.CloudEdge.Workers/Fidelity.CloudEdge.Workers.fsproj]
/home/hhh/repos/Xantham/scripts/.partition-work/Fidelity.CloudEdge.Workers/Fidelity.CloudEdge.Workers.fs(3390,18): warning FS1104: Identifiers containing '@' are reserved for use in F# code generation [/home/hhh/repos/Xantham/scripts/.partition-work/Fidelity.CloudEdge.Workers/Fidelity.CloudEdge.Workers.fsproj]
/home/hhh/repos/Xantham/scripts/.partition-work/Fidelity.CloudEdge.Workers/Fidelity.CloudEdge.Workers.fs(3393,18): warning FS1104: Identifiers containing '@' are reserved for use in F# code generation [/home/hhh/repos/Xantham/scripts/.partition-work/Fidelity.CloudEdge.Workers/Fidelity.CloudEdge.Workers.fsproj]
/home/hhh/repos/Xantham/scripts/.partition-work/Fidelity.CloudEdge.Workers/Fidelity.CloudEdge.Workers.fs(3396,18): warning FS1104: Identifiers containing '@' are reserved for use in F# code generation [/home/hhh/repos/Xantham/scripts/.partition-work/Fidelity.CloudEdge.Workers/Fidelity.CloudEdge.Workers.fsproj]
/home/hhh/repos/Xantham/scripts/.partition-work/Fidelity.CloudEdge.Workers/Fidelity.CloudEdge.Workers.fs(3399,18): warning FS1104: Identifiers containing '@' are reserved for use in F# code generation [/home/hhh/repos/Xantham/scripts/.partition-work/Fidelity.CloudEdge.Workers/Fidelity.CloudEdge.Workers.fsproj]
/home/hhh/repos/Xantham/scripts/.partition-work/Fidelity.CloudEdge.Workers/Fidelity.CloudEdge.Workers.fs(3402,18): warning FS1104: Identifiers containing '@' are reserved for use in F# code generation [/home/hhh/repos/Xantham/scripts/.partition-work/Fidelity.CloudEdge.Workers/Fidelity.CloudEdge.Workers.fsproj]
/home/hhh/repos/Xantham/scripts/.partition-work/Fidelity.CloudEdge.Workers/Fidelity.CloudEdge.Workers.fs(3405,18): warning FS1104: Identifiers containing '@' are reserved for use in F# code generation [/home/hhh/repos/Xantham/scripts/.partition-work/Fidelity.CloudEdge.Workers/Fidelity.CloudEdge.Workers.fsproj]
/home/hhh/repos/Xantham/scripts/.partition-work/Fidelity.CloudEdge.Workers/Fidelity.CloudEdge.Workers.fs(3408,18): warning FS1104: Identifiers containing '@' are reserved for use in F# code generation [/home/hhh/repos/Xantham/scripts/.partition-work/Fidelity.CloudEdge.Workers/Fidelity.CloudEdge.Workers.fsproj]
/home/hhh/repos/Xantham/scripts/.partition-work/Fidelity.CloudEdge.Workers/Fidelity.CloudEdge.Workers.fs(3411,18): warning FS1104: Identifiers containing '@' are reserved for use in F# code generation [/home/hhh/repos/Xantham/scripts/.partition-work/Fidelity.CloudEdge.Workers/Fidelity.CloudEdge.Workers.fsproj]
/home/hhh/repos/Xantham/scripts/.partition-work/Fidelity.CloudEdge.Workers/Fidelity.CloudEdge.Workers.fs(3414,18): warning FS1104: Identifiers containing '@' are reserved for use in F# code generation [/home/hhh/repos/Xantham/scripts/.partition-work/Fidelity.CloudEdge.Workers/Fidelity.CloudEdge.Workers.fsproj]
/home/hhh/repos/Xantham/scripts/.partition-work/Fidelity.CloudEdge.Workers/Fidelity.CloudEdge.Workers.fs(3417,18): warning FS1104: Identifiers containing '@' are reserved for use in F# code generation [/home/hhh/repos/Xantham/scripts/.partition-work/Fidelity.CloudEdge.Workers/Fidelity.CloudEdge.Workers.fsproj]
/home/hhh/repos/Xantham/scripts/.partition-work/Fidelity.CloudEdge.Workers/Fidelity.CloudEdge.Workers.fs(3420,18): warning FS1104: Identifiers containing '@' are reserved for use in F# code generation [/home/hhh/repos/Xantham/scripts/.partition-work/Fidelity.CloudEdge.Workers/Fidelity.CloudEdge.Workers.fsproj]
/home/hhh/repos/Xantham/scripts/.partition-work/Fidelity.CloudEdge.Workers/Fidelity.CloudEdge.Workers.fs(3423,18): warning FS1104: Identifiers containing '@' are reserved for use in F# code generation [/home/hhh/repos/Xantham/scripts/.partition-work/Fidelity.CloudEdge.Workers/Fidelity.CloudEdge.Workers.fsproj]
/home/hhh/repos/Xantham/scripts/.partition-work/Fidelity.CloudEdge.Workers/Fidelity.CloudEdge.Workers.fs(3426,18): warning FS1104: Identifiers containing '@' are reserved for use in F# code generation [/home/hhh/repos/Xantham/scripts/.partition-work/Fidelity.CloudEdge.Workers/Fidelity.CloudEdge.Workers.fsproj]
/home/hhh/repos/Xantham/scripts/.partition-work/Fidelity.CloudEdge.Workers/Fidelity.CloudEdge.Workers.fs(3429,18): warning FS1104: Identifiers containing '@' are reserved for use in F# code generation [/home/hhh/repos/Xantham/scripts/.partition-work/Fidelity.CloudEdge.Workers/Fidelity.CloudEdge.Workers.fsproj]
/home/hhh/repos/Xantham/scripts/.partition-work/Fidelity.CloudEdge.Workers/Fidelity.CloudEdge.Workers.fs(3432,18): warning FS1104: Identifiers containing '@' are reserved for use in F# code generation [/home/hhh/repos/Xantham/scripts/.partition-work/Fidelity.CloudEdge.Workers/Fidelity.CloudEdge.Workers.fsproj]
/home/hhh/repos/Xantham/scripts/.partition-work/Fidelity.CloudEdge.Workers/Fidelity.CloudEdge.Workers.fs(3435,18): warning FS1104: Identifiers containing '@' are reserved for use in F# code generation [/home/hhh/repos/Xantham/scripts/.partition-work/Fidelity.CloudEdge.Workers/Fidelity.CloudEdge.Workers.fsproj]
/home/hhh/repos/Xantham/scripts/.partition-work/Fidelity.CloudEdge.Workers/Fidelity.CloudEdge.Workers.fs(3438,18): warning FS1104: Identifiers containing '@' are reserved for use in F# code generation [/home/hhh/repos/Xantham/scripts/.partition-work/Fidelity.CloudEdge.Workers/Fidelity.CloudEdge.Workers.fsproj]
/home/hhh/repos/Xantham/scripts/.partition-work/Fidelity.CloudEdge.Workers/Fidelity.CloudEdge.Workers.fs(3441,18): warning FS1104: Identifiers containing '@' are reserved for use in F# code generation [/home/hhh/repos/Xantham/scripts/.partition-work/Fidelity.CloudEdge.Workers/Fidelity.CloudEdge.Workers.fsproj]
/home/hhh/repos/Xantham/scripts/.partition-work/Fidelity.CloudEdge.Workers/Fidelity.CloudEdge.Workers.fs(3444,18): warning FS1104: Identifiers containing '@' are reserved for use in F# code generation [/home/hhh/repos/Xantham/scripts/.partition-work/Fidelity.CloudEdge.Workers/Fidelity.CloudEdge.Workers.fsproj]
/home/hhh/repos/Xantham/scripts/.partition-work/Fidelity.CloudEdge.Workers/Fidelity.CloudEdge.Workers.fs(3447,18): warning FS1104: Identifiers containing '@' are reserved for use in F# code generation [/home/hhh/repos/Xantham/scripts/.partition-work/Fidelity.CloudEdge.Workers/Fidelity.CloudEdge.Workers.fsproj]
/home/hhh/repos/Xantham/scripts/.partition-work/Fidelity.CloudEdge.Workers/Fidelity.CloudEdge.Workers.fs(3450,18): warning FS1104: Identifiers containing '@' are reserved for use in F# code generation [/home/hhh/repos/Xantham/scripts/.partition-work/Fidelity.CloudEdge.Workers/Fidelity.CloudEdge.Workers.fsproj]
/home/hhh/repos/Xantham/scripts/.partition-work/Fidelity.CloudEdge.Workers/Fidelity.CloudEdge.Workers.fs(3453,18): warning FS1104: Identifiers containing '@' are reserved for use in F# code generation [/home/hhh/repos/Xantham/scripts/.partition-work/Fidelity.CloudEdge.Workers/Fidelity.CloudEdge.Workers.fsproj]
/home/hhh/repos/Xantham/scripts/.partition-work/Fidelity.CloudEdge.Workers/Fidelity.CloudEdge.Workers.fs(3456,18): warning FS1104: Identifiers containing '@' are reserved for use in F# code generation [/home/hhh/repos/Xantham/scripts/.partition-work/Fidelity.CloudEdge.Workers/Fidelity.CloudEdge.Workers.fsproj]
/home/hhh/repos/Xantham/scripts/.partition-work/Fidelity.CloudEdge.Workers/Fidelity.CloudEdge.Workers.fs(3459,18): warning FS1104: Identifiers containing '@' are reserved for use in F# code generation [/home/hhh/repos/Xantham/scripts/.partition-work/Fidelity.CloudEdge.Workers/Fidelity.CloudEdge.Workers.fsproj]
/home/hhh/repos/Xantham/scripts/.partition-work/Fidelity.CloudEdge.Workers/Fidelity.CloudEdge.Workers.fs(4119,27): warning FS0046: The identifier 'params' is reserved for future use by F# [/home/hhh/repos/Xantham/scripts/.partition-work/Fidelity.CloudEdge.Workers/Fidelity.CloudEdge.Workers.fsproj]
/home/hhh/repos/Xantham/scripts/.partition-work/Fidelity.CloudEdge.Workers/Fidelity.CloudEdge.Workers.fs(4599,18): warning FS0046: The identifier 'params' is reserved for future use by F# [/home/hhh/repos/Xantham/scripts/.partition-work/Fidelity.CloudEdge.Workers/Fidelity.CloudEdge.Workers.fsproj]
/home/hhh/repos/Xantham/scripts/.partition-work/Fidelity.CloudEdge.Workers/Fidelity.CloudEdge.Workers.fs(5272,25): warning FS0046: The identifier 'params' is reserved for future use by F# [/home/hhh/repos/Xantham/scripts/.partition-work/Fidelity.CloudEdge.Workers/Fidelity.CloudEdge.Workers.fsproj]
/home/hhh/repos/Xantham/scripts/.partition-work/Fidelity.CloudEdge.Workers/Fidelity.CloudEdge.Workers.fs(5275,26): warning FS0046: The identifier 'params' is reserved for future use by F# [/home/hhh/repos/Xantham/scripts/.partition-work/Fidelity.CloudEdge.Workers/Fidelity.CloudEdge.Workers.fsproj]
/home/hhh/repos/Xantham/scripts/.partition-work/Fidelity.CloudEdge.Workers/Fidelity.CloudEdge.Workers.fs(5276,35): warning FS0046: The identifier 'params' is reserved for future use by F# [/home/hhh/repos/Xantham/scripts/.partition-work/Fidelity.CloudEdge.Workers/Fidelity.CloudEdge.Workers.fsproj]
/home/hhh/repos/Xantham/scripts/.partition-work/Fidelity.CloudEdge.Workers/Fidelity.CloudEdge.Workers.fs(5277,35): warning FS0046: The identifier 'params' is reserved for future use by F# [/home/hhh/repos/Xantham/scripts/.partition-work/Fidelity.CloudEdge.Workers/Fidelity.CloudEdge.Workers.fsproj]
/home/hhh/repos/Xantham/scripts/.partition-work/Fidelity.CloudEdge.Workers/Fidelity.CloudEdge.Workers.fs(5293,26): warning FS0046: The identifier 'params' is reserved for future use by F# [/home/hhh/repos/Xantham/scripts/.partition-work/Fidelity.CloudEdge.Workers/Fidelity.CloudEdge.Workers.fsproj]
/home/hhh/repos/Xantham/scripts/.partition-work/Fidelity.CloudEdge.Workers/Fidelity.CloudEdge.Workers.fs(5294,28): warning FS0046: The identifier 'params' is reserved for future use by F# [/home/hhh/repos/Xantham/scripts/.partition-work/Fidelity.CloudEdge.Workers/Fidelity.CloudEdge.Workers.fsproj]
/home/hhh/repos/Xantham/scripts/.partition-work/Fidelity.CloudEdge.Workers/Fidelity.CloudEdge.Workers.fs(5295,28): warning FS0046: The identifier 'params' is reserved for future use by F# [/home/hhh/repos/Xantham/scripts/.partition-work/Fidelity.CloudEdge.Workers/Fidelity.CloudEdge.Workers.fsproj]
/home/hhh/repos/Xantham/scripts/.partition-work/Fidelity.CloudEdge.Workers/Fidelity.CloudEdge.Workers.fs(5738,25): warning FS0046: The identifier 'params' is reserved for future use by F# [/home/hhh/repos/Xantham/scripts/.partition-work/Fidelity.CloudEdge.Workers/Fidelity.CloudEdge.Workers.fsproj]
/home/hhh/repos/Xantham/scripts/.partition-work/Fidelity.CloudEdge.Workers/Fidelity.CloudEdge.Workers.fs(5986,65): warning FS0046: The identifier 'params' is reserved for future use by F# [/home/hhh/repos/Xantham/scripts/.partition-work/Fidelity.CloudEdge.Workers/Fidelity.CloudEdge.Workers.fsproj]
/home/hhh/repos/Xantham/scripts/.partition-work/Fidelity.CloudEdge.Workers/Fidelity.CloudEdge.Workers.fs(5987,42): warning FS0046: The identifier 'params' is reserved for future use by F# [/home/hhh/repos/Xantham/scripts/.partition-work/Fidelity.CloudEdge.Workers/Fidelity.CloudEdge.Workers.fsproj]
/home/hhh/repos/Xantham/scripts/.partition-work/Fidelity.CloudEdge.Workers/Fidelity.CloudEdge.Workers.fs(6381,25): warning FS0046: The identifier 'params' is reserved for future use by F# [/home/hhh/repos/Xantham/scripts/.partition-work/Fidelity.CloudEdge.Workers/Fidelity.CloudEdge.Workers.fsproj]
/home/hhh/repos/Xantham/scripts/.partition-work/Fidelity.CloudEdge.Workers/Fidelity.CloudEdge.Workers.fs(6382,27): warning FS0046: The identifier 'params' is reserved for future use by F# [/home/hhh/repos/Xantham/scripts/.partition-work/Fidelity.CloudEdge.Workers/Fidelity.CloudEdge.Workers.fsproj]
/home/hhh/repos/Xantham/scripts/.partition-work/Fidelity.CloudEdge.Workers/Fidelity.CloudEdge.Workers.fs(6521,18): warning FS0046: The identifier 'params' is reserved for future use by F# [/home/hhh/repos/Xantham/scripts/.partition-work/Fidelity.CloudEdge.Workers/Fidelity.CloudEdge.Workers.fsproj]
/home/hhh/repos/Xantham/scripts/.partition-work/Fidelity.CloudEdge.Workers/Fidelity.CloudEdge.Workers.fs(7223,25): warning FS0046: The identifier 'params' is reserved for future use by F# [/home/hhh/repos/Xantham/scripts/.partition-work/Fidelity.CloudEdge.Workers/Fidelity.CloudEdge.Workers.fsproj]
/home/hhh/repos/Xantham/scripts/.partition-work/Fidelity.CloudEdge.Workers/Fidelity.CloudEdge.Workers.fs(7264,25): warning FS0046: The identifier 'params' is reserved for future use by F# [/home/hhh/repos/Xantham/scripts/.partition-work/Fidelity.CloudEdge.Workers/Fidelity.CloudEdge.Workers.fsproj]
/home/hhh/repos/Xantham/scripts/.partition-work/Fidelity.CloudEdge.Workers/Fidelity.CloudEdge.Workers.fs(7265,27): warning FS0046: The identifier 'params' is reserved for future use by F# [/home/hhh/repos/Xantham/scripts/.partition-work/Fidelity.CloudEdge.Workers/Fidelity.CloudEdge.Workers.fsproj]
/home/hhh/repos/Xantham/scripts/.partition-work/Fidelity.CloudEdge.Workers/Fidelity.CloudEdge.Workers.fs(8227,26): warning FS0046: The identifier 'params' is reserved for future use by F# [/home/hhh/repos/Xantham/scripts/.partition-work/Fidelity.CloudEdge.Workers/Fidelity.CloudEdge.Workers.fsproj]
/home/hhh/repos/Xantham/scripts/.partition-work/Fidelity.CloudEdge.Workers/Fidelity.CloudEdge.Workers.fs(8557,26): warning FS0046: The identifier 'params' is reserved for future use by F# [/home/hhh/repos/Xantham/scripts/.partition-work/Fidelity.CloudEdge.Workers/Fidelity.CloudEdge.Workers.fsproj]
/home/hhh/repos/Xantham/scripts/.partition-work/Fidelity.CloudEdge.Workers/Fidelity.CloudEdge.Workers.fs(8813,18): warning FS0046: The identifier 'include' is reserved for future use by F# [/home/hhh/repos/Xantham/scripts/.partition-work/Fidelity.CloudEdge.Workers/Fidelity.CloudEdge.Workers.fsproj]
/home/hhh/repos/Xantham/scripts/.partition-work/Fidelity.CloudEdge.Workers/Fidelity.CloudEdge.Workers.fs(10339,22): warning FS0046: The identifier 'include' is reserved for future use by F# [/home/hhh/repos/Xantham/scripts/.partition-work/Fidelity.CloudEdge.Workers/Fidelity.CloudEdge.Workers.fsproj]
/home/hhh/repos/Xantham/scripts/.partition-work/Fidelity.CloudEdge.Workers/Fidelity.CloudEdge.Workers.fs(10364,26): warning FS0046: The identifier 'include' is reserved for future use by F# [/home/hhh/repos/Xantham/scripts/.partition-work/Fidelity.CloudEdge.Workers/Fidelity.CloudEdge.Workers.fsproj]
/home/hhh/repos/Xantham/scripts/.partition-work/Fidelity.CloudEdge.Workers/Fidelity.CloudEdge.Workers.fs(13222,22): warning FS0046: The identifier 'params' is reserved for future use by F# [/home/hhh/repos/Xantham/scripts/.partition-work/Fidelity.CloudEdge.Workers/Fidelity.CloudEdge.Workers.fsproj]
/home/hhh/repos/Xantham/scripts/.partition-work/Fidelity.CloudEdge.Workers/Fidelity.CloudEdge.Workers.fs(13789,22): warning FS0046: The identifier 'include' is reserved for future use by F# [/home/hhh/repos/Xantham/scripts/.partition-work/Fidelity.CloudEdge.Workers/Fidelity.CloudEdge.Workers.fsproj]
/home/hhh/repos/Xantham/scripts/.partition-work/Fidelity.CloudEdge.Workers/Fidelity.CloudEdge.Workers.fs(14974,22): warning FS0046: The identifier 'include' is reserved for future use by F# [/home/hhh/repos/Xantham/scripts/.partition-work/Fidelity.CloudEdge.Workers/Fidelity.CloudEdge.Workers.fsproj]
  Fidelity.CloudEdge.Workers -> /home/hhh/repos/Xantham/scripts/.partition-work/Fidelity.CloudEdge.Workers/bin/Debug/net10.0/Fidelity.CloudEdge.Workers.dll

Build succeeded.

/home/hhh/repos/Xantham/scripts/.partition-work/Fidelity.CloudEdge.Workers/Fidelity.CloudEdge.Workers.fs(1787,41): warning FS0046: The identifier 'params' is reserved for future use by F# [/home/hhh/repos/Xantham/scripts/.partition-work/Fidelity.CloudEdge.Workers/Fidelity.CloudEdge.Workers.fsproj]
/home/hhh/repos/Xantham/scripts/.partition-work/Fidelity.CloudEdge.Workers/Fidelity.CloudEdge.Workers.fs(1788,38): warning FS0046: The identifier 'params' is reserved for future use by F# [/home/hhh/repos/Xantham/scripts/.partition-work/Fidelity.CloudEdge.Workers/Fidelity.CloudEdge.Workers.fsproj]
/home/hhh/repos/Xantham/scripts/.partition-work/Fidelity.CloudEdge.Workers/Fidelity.CloudEdge.Workers.fs(1859,26): warning FS0046: The identifier 'params' is reserved for future use by F# [/home/hhh/repos/Xantham/scripts/.partition-work/Fidelity.CloudEdge.Workers/Fidelity.CloudEdge.Workers.fsproj]
/home/hhh/repos/Xantham/scripts/.partition-work/Fidelity.CloudEdge.Workers/Fidelity.CloudEdge.Workers.fs(1860,35): warning FS0046: The identifier 'params' is reserved for future use by F# [/home/hhh/repos/Xantham/scripts/.partition-work/Fidelity.CloudEdge.Workers/Fidelity.CloudEdge.Workers.fsproj]
/home/hhh/repos/Xantham/scripts/.partition-work/Fidelity.CloudEdge.Workers/Fidelity.CloudEdge.Workers.fs(1861,35): warning FS0046: The identifier 'params' is reserved for future use by F# [/home/hhh/repos/Xantham/scripts/.partition-work/Fidelity.CloudEdge.Workers/Fidelity.CloudEdge.Workers.fsproj]
/home/hhh/repos/Xantham/scripts/.partition-work/Fidelity.CloudEdge.Workers/Fidelity.CloudEdge.Workers.fs(2046,18): warning FS0046: The identifier 'params' is reserved for future use by F# [/home/hhh/repos/Xantham/scripts/.partition-work/Fidelity.CloudEdge.Workers/Fidelity.CloudEdge.Workers.fsproj]
/home/hhh/repos/Xantham/scripts/.partition-work/Fidelity.CloudEdge.Workers/Fidelity.CloudEdge.Workers.fs(2390,18): warning FS0046: The identifier 'params' is reserved for future use by F# [/home/hhh/repos/Xantham/scripts/.partition-work/Fidelity.CloudEdge.Workers/Fidelity.CloudEdge.Workers.fsproj]
/home/hhh/repos/Xantham/scripts/.partition-work/Fidelity.CloudEdge.Workers/Fidelity.CloudEdge.Workers.fs(2577,25): warning FS0046: The identifier 'params' is reserved for future use by F# [/home/hhh/repos/Xantham/scripts/.partition-work/Fidelity.CloudEdge.Workers/Fidelity.CloudEdge.Workers.fsproj]
/home/hhh/repos/Xantham/scripts/.partition-work/Fidelity.CloudEdge.Workers/Fidelity.CloudEdge.Workers.fs(2632,18): warning FS0046: The identifier 'include' is reserved for future use by F# [/home/hhh/repos/Xantham/scripts/.partition-work/Fidelity.CloudEdge.Workers/Fidelity.CloudEdge.Workers.fsproj]
/home/hhh/repos/Xantham/scripts/.partition-work/Fidelity.CloudEdge.Workers/Fidelity.CloudEdge.Workers.fs(3189,18): warning FS1104: Identifiers containing '@' are reserved for use in F# code generation [/home/hhh/repos/Xantham/scripts/.partition-work/Fidelity.CloudEdge.Workers/Fidelity.CloudEdge.Workers.fsproj]
/home/hhh/repos/Xantham/scripts/.partition-work/Fidelity.CloudEdge.Workers/Fidelity.CloudEdge.Workers.fs(3192,18): warning FS1104: Identifiers containing '@' are reserved for use in F# code generation [/home/hhh/repos/Xantham/scripts/.partition-work/Fidelity.CloudEdge.Workers/Fidelity.CloudEdge.Workers.fsproj]
/home/hhh/repos/Xantham/scripts/.partition-work/Fidelity.CloudEdge.Workers/Fidelity.CloudEdge.Workers.fs(3195,18): warning FS1104: Identifiers containing '@' are reserved for use in F# code generation [/home/hhh/repos/Xantham/scripts/.partition-work/Fidelity.CloudEdge.Workers/Fidelity.CloudEdge.Workers.fsproj]
/home/hhh/repos/Xantham/scripts/.partition-work/Fidelity.CloudEdge.Workers/Fidelity.CloudEdge.Workers.fs(3198,18): warning FS1104: Identifiers containing '@' are reserved for use in F# code generation [/home/hhh/repos/Xantham/scripts/.partition-work/Fidelity.CloudEdge.Workers/Fidelity.CloudEdge.Workers.fsproj]
/home/hhh/repos/Xantham/scripts/.partition-work/Fidelity.CloudEdge.Workers/Fidelity.CloudEdge.Workers.fs(3201,18): warning FS1104: Identifiers containing '@' are reserved for use in F# code generation [/home/hhh/repos/Xantham/scripts/.partition-work/Fidelity.CloudEdge.Workers/Fidelity.CloudEdge.Workers.fsproj]
/home/hhh/repos/Xantham/scripts/.partition-work/Fidelity.CloudEdge.Workers/Fidelity.CloudEdge.Workers.fs(3204,18): warning FS1104: Identifiers containing '@' are reserved for use in F# code generation [/home/hhh/repos/Xantham/scripts/.partition-work/Fidelity.CloudEdge.Workers/Fidelity.CloudEdge.Workers.fsproj]
/home/hhh/repos/Xantham/scripts/.partition-work/Fidelity.CloudEdge.Workers/Fidelity.CloudEdge.Workers.fs(3207,18): warning FS1104: Identifiers containing '@' are reserved for use in F# code generation [/home/hhh/repos/Xantham/scripts/.partition-work/Fidelity.CloudEdge.Workers/Fidelity.CloudEdge.Workers.fsproj]
/home/hhh/repos/Xantham/scripts/.partition-work/Fidelity.CloudEdge.Workers/Fidelity.CloudEdge.Workers.fs(3210,18): warning FS1104: Identifiers containing '@' are reserved for use in F# code generation [/home/hhh/repos/Xantham/scripts/.partition-work/Fidelity.CloudEdge.Workers/Fidelity.CloudEdge.Workers.fsproj]
/home/hhh/repos/Xantham/scripts/.partition-work/Fidelity.CloudEdge.Workers/Fidelity.CloudEdge.Workers.fs(3213,18): warning FS1104: Identifiers containing '@' are reserved for use in F# code generation [/home/hhh/repos/Xantham/scripts/.partition-work/Fidelity.CloudEdge.Workers/Fidelity.CloudEdge.Workers.fsproj]
/home/hhh/repos/Xantham/scripts/.partition-work/Fidelity.CloudEdge.Workers/Fidelity.CloudEdge.Workers.fs(3216,18): warning FS1104: Identifiers containing '@' are reserved for use in F# code generation [/home/hhh/repos/Xantham/scripts/.partition-work/Fidelity.CloudEdge.Workers/Fidelity.CloudEdge.Workers.fsproj]
/home/hhh/repos/Xantham/scripts/.partition-work/Fidelity.CloudEdge.Workers/Fidelity.CloudEdge.Workers.fs(3219,18): warning FS1104: Identifiers containing '@' are reserved for use in F# code generation [/home/hhh/repos/Xantham/scripts/.partition-work/Fidelity.CloudEdge.Workers/Fidelity.CloudEdge.Workers.fsproj]
/home/hhh/repos/Xantham/scripts/.partition-work/Fidelity.CloudEdge.Workers/Fidelity.CloudEdge.Workers.fs(3222,18): warning FS1104: Identifiers containing '@' are reserved for use in F# code generation [/home/hhh/repos/Xantham/scripts/.partition-work/Fidelity.CloudEdge.Workers/Fidelity.CloudEdge.Workers.fsproj]
/home/hhh/repos/Xantham/scripts/.partition-work/Fidelity.CloudEdge.Workers/Fidelity.CloudEdge.Workers.fs(3225,18): warning FS1104: Identifiers containing '@' are reserved for use in F# code generation [/home/hhh/repos/Xantham/scripts/.partition-work/Fidelity.CloudEdge.Workers/Fidelity.CloudEdge.Workers.fsproj]
/home/hhh/repos/Xantham/scripts/.partition-work/Fidelity.CloudEdge.Workers/Fidelity.CloudEdge.Workers.fs(3228,18): warning FS1104: Identifiers containing '@' are reserved for use in F# code generation [/home/hhh/repos/Xantham/scripts/.partition-work/Fidelity.CloudEdge.Workers/Fidelity.CloudEdge.Workers.fsproj]
/home/hhh/repos/Xantham/scripts/.partition-work/Fidelity.CloudEdge.Workers/Fidelity.CloudEdge.Workers.fs(3231,18): warning FS1104: Identifiers containing '@' are reserved for use in F# code generation [/home/hhh/repos/Xantham/scripts/.partition-work/Fidelity.CloudEdge.Workers/Fidelity.CloudEdge.Workers.fsproj]
/home/hhh/repos/Xantham/scripts/.partition-work/Fidelity.CloudEdge.Workers/Fidelity.CloudEdge.Workers.fs(3234,18): warning FS1104: Identifiers containing '@' are reserved for use in F# code generation [/home/hhh/repos/Xantham/scripts/.partition-work/Fidelity.CloudEdge.Workers/Fidelity.CloudEdge.Workers.fsproj]
/home/hhh/repos/Xantham/scripts/.partition-work/Fidelity.CloudEdge.Workers/Fidelity.CloudEdge.Workers.fs(3237,18): warning FS1104: Identifiers containing '@' are reserved for use in F# code generation [/home/hhh/repos/Xantham/scripts/.partition-work/Fidelity.CloudEdge.Workers/Fidelity.CloudEdge.Workers.fsproj]
/home/hhh/repos/Xantham/scripts/.partition-work/Fidelity.CloudEdge.Workers/Fidelity.CloudEdge.Workers.fs(3240,18): warning FS1104: Identifiers containing '@' are reserved for use in F# code generation [/home/hhh/repos/Xantham/scripts/.partition-work/Fidelity.CloudEdge.Workers/Fidelity.CloudEdge.Workers.fsproj]
/home/hhh/repos/Xantham/scripts/.partition-work/Fidelity.CloudEdge.Workers/Fidelity.CloudEdge.Workers.fs(3243,18): warning FS1104: Identifiers containing '@' are reserved for use in F# code generation [/home/hhh/repos/Xantham/scripts/.partition-work/Fidelity.CloudEdge.Workers/Fidelity.CloudEdge.Workers.fsproj]
/home/hhh/repos/Xantham/scripts/.partition-work/Fidelity.CloudEdge.Workers/Fidelity.CloudEdge.Workers.fs(3246,18): warning FS1104: Identifiers containing '@' are reserved for use in F# code generation [/home/hhh/repos/Xantham/scripts/.partition-work/Fidelity.CloudEdge.Workers/Fidelity.CloudEdge.Workers.fsproj]
/home/hhh/repos/Xantham/scripts/.partition-work/Fidelity.CloudEdge.Workers/Fidelity.CloudEdge.Workers.fs(3249,18): warning FS1104: Identifiers containing '@' are reserved for use in F# code generation [/home/hhh/repos/Xantham/scripts/.partition-work/Fidelity.CloudEdge.Workers/Fidelity.CloudEdge.Workers.fsproj]
/home/hhh/repos/Xantham/scripts/.partition-work/Fidelity.CloudEdge.Workers/Fidelity.CloudEdge.Workers.fs(3252,18): warning FS1104: Identifiers containing '@' are reserved for use in F# code generation [/home/hhh/repos/Xantham/scripts/.partition-work/Fidelity.CloudEdge.Workers/Fidelity.CloudEdge.Workers.fsproj]
/home/hhh/repos/Xantham/scripts/.partition-work/Fidelity.CloudEdge.Workers/Fidelity.CloudEdge.Workers.fs(3255,18): warning FS1104: Identifiers containing '@' are reserved for use in F# code generation [/home/hhh/repos/Xantham/scripts/.partition-work/Fidelity.CloudEdge.Workers/Fidelity.CloudEdge.Workers.fsproj]
/home/hhh/repos/Xantham/scripts/.partition-work/Fidelity.CloudEdge.Workers/Fidelity.CloudEdge.Workers.fs(3258,18): warning FS1104: Identifiers containing '@' are reserved for use in F# code generation [/home/hhh/repos/Xantham/scripts/.partition-work/Fidelity.CloudEdge.Workers/Fidelity.CloudEdge.Workers.fsproj]
/home/hhh/repos/Xantham/scripts/.partition-work/Fidelity.CloudEdge.Workers/Fidelity.CloudEdge.Workers.fs(3261,18): warning FS1104: Identifiers containing '@' are reserved for use in F# code generation [/home/hhh/repos/Xantham/scripts/.partition-work/Fidelity.CloudEdge.Workers/Fidelity.CloudEdge.Workers.fsproj]
/home/hhh/repos/Xantham/scripts/.partition-work/Fidelity.CloudEdge.Workers/Fidelity.CloudEdge.Workers.fs(3264,18): warning FS1104: Identifiers containing '@' are reserved for use in F# code generation [/home/hhh/repos/Xantham/scripts/.partition-work/Fidelity.CloudEdge.Workers/Fidelity.CloudEdge.Workers.fsproj]
/home/hhh/repos/Xantham/scripts/.partition-work/Fidelity.CloudEdge.Workers/Fidelity.CloudEdge.Workers.fs(3267,18): warning FS1104: Identifiers containing '@' are reserved for use in F# code generation [/home/hhh/repos/Xantham/scripts/.partition-work/Fidelity.CloudEdge.Workers/Fidelity.CloudEdge.Workers.fsproj]
/home/hhh/repos/Xantham/scripts/.partition-work/Fidelity.CloudEdge.Workers/Fidelity.CloudEdge.Workers.fs(3270,18): warning FS1104: Identifiers containing '@' are reserved for use in F# code generation [/home/hhh/repos/Xantham/scripts/.partition-work/Fidelity.CloudEdge.Workers/Fidelity.CloudEdge.Workers.fsproj]
/home/hhh/repos/Xantham/scripts/.partition-work/Fidelity.CloudEdge.Workers/Fidelity.CloudEdge.Workers.fs(3273,18): warning FS1104: Identifiers containing '@' are reserved for use in F# code generation [/home/hhh/repos/Xantham/scripts/.partition-work/Fidelity.CloudEdge.Workers/Fidelity.CloudEdge.Workers.fsproj]
/home/hhh/repos/Xantham/scripts/.partition-work/Fidelity.CloudEdge.Workers/Fidelity.CloudEdge.Workers.fs(3276,18): warning FS1104: Identifiers containing '@' are reserved for use in F# code generation [/home/hhh/repos/Xantham/scripts/.partition-work/Fidelity.CloudEdge.Workers/Fidelity.CloudEdge.Workers.fsproj]
/home/hhh/repos/Xantham/scripts/.partition-work/Fidelity.CloudEdge.Workers/Fidelity.CloudEdge.Workers.fs(3279,18): warning FS1104: Identifiers containing '@' are reserved for use in F# code generation [/home/hhh/repos/Xantham/scripts/.partition-work/Fidelity.CloudEdge.Workers/Fidelity.CloudEdge.Workers.fsproj]
/home/hhh/repos/Xantham/scripts/.partition-work/Fidelity.CloudEdge.Workers/Fidelity.CloudEdge.Workers.fs(3282,18): warning FS1104: Identifiers containing '@' are reserved for use in F# code generation [/home/hhh/repos/Xantham/scripts/.partition-work/Fidelity.CloudEdge.Workers/Fidelity.CloudEdge.Workers.fsproj]
/home/hhh/repos/Xantham/scripts/.partition-work/Fidelity.CloudEdge.Workers/Fidelity.CloudEdge.Workers.fs(3285,18): warning FS1104: Identifiers containing '@' are reserved for use in F# code generation [/home/hhh/repos/Xantham/scripts/.partition-work/Fidelity.CloudEdge.Workers/Fidelity.CloudEdge.Workers.fsproj]
/home/hhh/repos/Xantham/scripts/.partition-work/Fidelity.CloudEdge.Workers/Fidelity.CloudEdge.Workers.fs(3288,18): warning FS1104: Identifiers containing '@' are reserved for use in F# code generation [/home/hhh/repos/Xantham/scripts/.partition-work/Fidelity.CloudEdge.Workers/Fidelity.CloudEdge.Workers.fsproj]
/home/hhh/repos/Xantham/scripts/.partition-work/Fidelity.CloudEdge.Workers/Fidelity.CloudEdge.Workers.fs(3291,18): warning FS1104: Identifiers containing '@' are reserved for use in F# code generation [/home/hhh/repos/Xantham/scripts/.partition-work/Fidelity.CloudEdge.Workers/Fidelity.CloudEdge.Workers.fsproj]
/home/hhh/repos/Xantham/scripts/.partition-work/Fidelity.CloudEdge.Workers/Fidelity.CloudEdge.Workers.fs(3294,18): warning FS1104: Identifiers containing '@' are reserved for use in F# code generation [/home/hhh/repos/Xantham/scripts/.partition-work/Fidelity.CloudEdge.Workers/Fidelity.CloudEdge.Workers.fsproj]
/home/hhh/repos/Xantham/scripts/.partition-work/Fidelity.CloudEdge.Workers/Fidelity.CloudEdge.Workers.fs(3297,18): warning FS1104: Identifiers containing '@' are reserved for use in F# code generation [/home/hhh/repos/Xantham/scripts/.partition-work/Fidelity.CloudEdge.Workers/Fidelity.CloudEdge.Workers.fsproj]
/home/hhh/repos/Xantham/scripts/.partition-work/Fidelity.CloudEdge.Workers/Fidelity.CloudEdge.Workers.fs(3300,18): warning FS1104: Identifiers containing '@' are reserved for use in F# code generation [/home/hhh/repos/Xantham/scripts/.partition-work/Fidelity.CloudEdge.Workers/Fidelity.CloudEdge.Workers.fsproj]
/home/hhh/repos/Xantham/scripts/.partition-work/Fidelity.CloudEdge.Workers/Fidelity.CloudEdge.Workers.fs(3303,18): warning FS1104: Identifiers containing '@' are reserved for use in F# code generation [/home/hhh/repos/Xantham/scripts/.partition-work/Fidelity.CloudEdge.Workers/Fidelity.CloudEdge.Workers.fsproj]
/home/hhh/repos/Xantham/scripts/.partition-work/Fidelity.CloudEdge.Workers/Fidelity.CloudEdge.Workers.fs(3306,18): warning FS1104: Identifiers containing '@' are reserved for use in F# code generation [/home/hhh/repos/Xantham/scripts/.partition-work/Fidelity.CloudEdge.Workers/Fidelity.CloudEdge.Workers.fsproj]
/home/hhh/repos/Xantham/scripts/.partition-work/Fidelity.CloudEdge.Workers/Fidelity.CloudEdge.Workers.fs(3309,18): warning FS1104: Identifiers containing '@' are reserved for use in F# code generation [/home/hhh/repos/Xantham/scripts/.partition-work/Fidelity.CloudEdge.Workers/Fidelity.CloudEdge.Workers.fsproj]
/home/hhh/repos/Xantham/scripts/.partition-work/Fidelity.CloudEdge.Workers/Fidelity.CloudEdge.Workers.fs(3312,18): warning FS1104: Identifiers containing '@' are reserved for use in F# code generation [/home/hhh/repos/Xantham/scripts/.partition-work/Fidelity.CloudEdge.Workers/Fidelity.CloudEdge.Workers.fsproj]
/home/hhh/repos/Xantham/scripts/.partition-work/Fidelity.CloudEdge.Workers/Fidelity.CloudEdge.Workers.fs(3315,18): warning FS1104: Identifiers containing '@' are reserved for use in F# code generation [/home/hhh/repos/Xantham/scripts/.partition-work/Fidelity.CloudEdge.Workers/Fidelity.CloudEdge.Workers.fsproj]
/home/hhh/repos/Xantham/scripts/.partition-work/Fidelity.CloudEdge.Workers/Fidelity.CloudEdge.Workers.fs(3318,18): warning FS1104: Identifiers containing '@' are reserved for use in F# code generation [/home/hhh/repos/Xantham/scripts/.partition-work/Fidelity.CloudEdge.Workers/Fidelity.CloudEdge.Workers.fsproj]
/home/hhh/repos/Xantham/scripts/.partition-work/Fidelity.CloudEdge.Workers/Fidelity.CloudEdge.Workers.fs(3321,18): warning FS1104: Identifiers containing '@' are reserved for use in F# code generation [/home/hhh/repos/Xantham/scripts/.partition-work/Fidelity.CloudEdge.Workers/Fidelity.CloudEdge.Workers.fsproj]
/home/hhh/repos/Xantham/scripts/.partition-work/Fidelity.CloudEdge.Workers/Fidelity.CloudEdge.Workers.fs(3324,18): warning FS1104: Identifiers containing '@' are reserved for use in F# code generation [/home/hhh/repos/Xantham/scripts/.partition-work/Fidelity.CloudEdge.Workers/Fidelity.CloudEdge.Workers.fsproj]
/home/hhh/repos/Xantham/scripts/.partition-work/Fidelity.CloudEdge.Workers/Fidelity.CloudEdge.Workers.fs(3327,18): warning FS1104: Identifiers containing '@' are reserved for use in F# code generation [/home/hhh/repos/Xantham/scripts/.partition-work/Fidelity.CloudEdge.Workers/Fidelity.CloudEdge.Workers.fsproj]
/home/hhh/repos/Xantham/scripts/.partition-work/Fidelity.CloudEdge.Workers/Fidelity.CloudEdge.Workers.fs(3330,18): warning FS1104: Identifiers containing '@' are reserved for use in F# code generation [/home/hhh/repos/Xantham/scripts/.partition-work/Fidelity.CloudEdge.Workers/Fidelity.CloudEdge.Workers.fsproj]
/home/hhh/repos/Xantham/scripts/.partition-work/Fidelity.CloudEdge.Workers/Fidelity.CloudEdge.Workers.fs(3333,18): warning FS1104: Identifiers containing '@' are reserved for use in F# code generation [/home/hhh/repos/Xantham/scripts/.partition-work/Fidelity.CloudEdge.Workers/Fidelity.CloudEdge.Workers.fsproj]
/home/hhh/repos/Xantham/scripts/.partition-work/Fidelity.CloudEdge.Workers/Fidelity.CloudEdge.Workers.fs(3336,18): warning FS1104: Identifiers containing '@' are reserved for use in F# code generation [/home/hhh/repos/Xantham/scripts/.partition-work/Fidelity.CloudEdge.Workers/Fidelity.CloudEdge.Workers.fsproj]
/home/hhh/repos/Xantham/scripts/.partition-work/Fidelity.CloudEdge.Workers/Fidelity.CloudEdge.Workers.fs(3339,18): warning FS1104: Identifiers containing '@' are reserved for use in F# code generation [/home/hhh/repos/Xantham/scripts/.partition-work/Fidelity.CloudEdge.Workers/Fidelity.CloudEdge.Workers.fsproj]
/home/hhh/repos/Xantham/scripts/.partition-work/Fidelity.CloudEdge.Workers/Fidelity.CloudEdge.Workers.fs(3342,18): warning FS1104: Identifiers containing '@' are reserved for use in F# code generation [/home/hhh/repos/Xantham/scripts/.partition-work/Fidelity.CloudEdge.Workers/Fidelity.CloudEdge.Workers.fsproj]
/home/hhh/repos/Xantham/scripts/.partition-work/Fidelity.CloudEdge.Workers/Fidelity.CloudEdge.Workers.fs(3345,18): warning FS1104: Identifiers containing '@' are reserved for use in F# code generation [/home/hhh/repos/Xantham/scripts/.partition-work/Fidelity.CloudEdge.Workers/Fidelity.CloudEdge.Workers.fsproj]
/home/hhh/repos/Xantham/scripts/.partition-work/Fidelity.CloudEdge.Workers/Fidelity.CloudEdge.Workers.fs(3348,18): warning FS1104: Identifiers containing '@' are reserved for use in F# code generation [/home/hhh/repos/Xantham/scripts/.partition-work/Fidelity.CloudEdge.Workers/Fidelity.CloudEdge.Workers.fsproj]
/home/hhh/repos/Xantham/scripts/.partition-work/Fidelity.CloudEdge.Workers/Fidelity.CloudEdge.Workers.fs(3351,18): warning FS1104: Identifiers containing '@' are reserved for use in F# code generation [/home/hhh/repos/Xantham/scripts/.partition-work/Fidelity.CloudEdge.Workers/Fidelity.CloudEdge.Workers.fsproj]
/home/hhh/repos/Xantham/scripts/.partition-work/Fidelity.CloudEdge.Workers/Fidelity.CloudEdge.Workers.fs(3354,18): warning FS1104: Identifiers containing '@' are reserved for use in F# code generation [/home/hhh/repos/Xantham/scripts/.partition-work/Fidelity.CloudEdge.Workers/Fidelity.CloudEdge.Workers.fsproj]
/home/hhh/repos/Xantham/scripts/.partition-work/Fidelity.CloudEdge.Workers/Fidelity.CloudEdge.Workers.fs(3357,18): warning FS1104: Identifiers containing '@' are reserved for use in F# code generation [/home/hhh/repos/Xantham/scripts/.partition-work/Fidelity.CloudEdge.Workers/Fidelity.CloudEdge.Workers.fsproj]
/home/hhh/repos/Xantham/scripts/.partition-work/Fidelity.CloudEdge.Workers/Fidelity.CloudEdge.Workers.fs(3360,18): warning FS1104: Identifiers containing '@' are reserved for use in F# code generation [/home/hhh/repos/Xantham/scripts/.partition-work/Fidelity.CloudEdge.Workers/Fidelity.CloudEdge.Workers.fsproj]
/home/hhh/repos/Xantham/scripts/.partition-work/Fidelity.CloudEdge.Workers/Fidelity.CloudEdge.Workers.fs(3363,18): warning FS1104: Identifiers containing '@' are reserved for use in F# code generation [/home/hhh/repos/Xantham/scripts/.partition-work/Fidelity.CloudEdge.Workers/Fidelity.CloudEdge.Workers.fsproj]
/home/hhh/repos/Xantham/scripts/.partition-work/Fidelity.CloudEdge.Workers/Fidelity.CloudEdge.Workers.fs(3366,18): warning FS1104: Identifiers containing '@' are reserved for use in F# code generation [/home/hhh/repos/Xantham/scripts/.partition-work/Fidelity.CloudEdge.Workers/Fidelity.CloudEdge.Workers.fsproj]
/home/hhh/repos/Xantham/scripts/.partition-work/Fidelity.CloudEdge.Workers/Fidelity.CloudEdge.Workers.fs(3369,18): warning FS1104: Identifiers containing '@' are reserved for use in F# code generation [/home/hhh/repos/Xantham/scripts/.partition-work/Fidelity.CloudEdge.Workers/Fidelity.CloudEdge.Workers.fsproj]
/home/hhh/repos/Xantham/scripts/.partition-work/Fidelity.CloudEdge.Workers/Fidelity.CloudEdge.Workers.fs(3372,18): warning FS1104: Identifiers containing '@' are reserved for use in F# code generation [/home/hhh/repos/Xantham/scripts/.partition-work/Fidelity.CloudEdge.Workers/Fidelity.CloudEdge.Workers.fsproj]
/home/hhh/repos/Xantham/scripts/.partition-work/Fidelity.CloudEdge.Workers/Fidelity.CloudEdge.Workers.fs(3375,18): warning FS1104: Identifiers containing '@' are reserved for use in F# code generation [/home/hhh/repos/Xantham/scripts/.partition-work/Fidelity.CloudEdge.Workers/Fidelity.CloudEdge.Workers.fsproj]
/home/hhh/repos/Xantham/scripts/.partition-work/Fidelity.CloudEdge.Workers/Fidelity.CloudEdge.Workers.fs(3378,18): warning FS1104: Identifiers containing '@' are reserved for use in F# code generation [/home/hhh/repos/Xantham/scripts/.partition-work/Fidelity.CloudEdge.Workers/Fidelity.CloudEdge.Workers.fsproj]
/home/hhh/repos/Xantham/scripts/.partition-work/Fidelity.CloudEdge.Workers/Fidelity.CloudEdge.Workers.fs(3381,18): warning FS1104: Identifiers containing '@' are reserved for use in F# code generation [/home/hhh/repos/Xantham/scripts/.partition-work/Fidelity.CloudEdge.Workers/Fidelity.CloudEdge.Workers.fsproj]
/home/hhh/repos/Xantham/scripts/.partition-work/Fidelity.CloudEdge.Workers/Fidelity.CloudEdge.Workers.fs(3384,18): warning FS1104: Identifiers containing '@' are reserved for use in F# code generation [/home/hhh/repos/Xantham/scripts/.partition-work/Fidelity.CloudEdge.Workers/Fidelity.CloudEdge.Workers.fsproj]
/home/hhh/repos/Xantham/scripts/.partition-work/Fidelity.CloudEdge.Workers/Fidelity.CloudEdge.Workers.fs(3387,18): warning FS1104: Identifiers containing '@' are reserved for use in F# code generation [/home/hhh/repos/Xantham/scripts/.partition-work/Fidelity.CloudEdge.Workers/Fidelity.CloudEdge.Workers.fsproj]
/home/hhh/repos/Xantham/scripts/.partition-work/Fidelity.CloudEdge.Workers/Fidelity.CloudEdge.Workers.fs(3390,18): warning FS1104: Identifiers containing '@' are reserved for use in F# code generation [/home/hhh/repos/Xantham/scripts/.partition-work/Fidelity.CloudEdge.Workers/Fidelity.CloudEdge.Workers.fsproj]
/home/hhh/repos/Xantham/scripts/.partition-work/Fidelity.CloudEdge.Workers/Fidelity.CloudEdge.Workers.fs(3393,18): warning FS1104: Identifiers containing '@' are reserved for use in F# code generation [/home/hhh/repos/Xantham/scripts/.partition-work/Fidelity.CloudEdge.Workers/Fidelity.CloudEdge.Workers.fsproj]
/home/hhh/repos/Xantham/scripts/.partition-work/Fidelity.CloudEdge.Workers/Fidelity.CloudEdge.Workers.fs(3396,18): warning FS1104: Identifiers containing '@' are reserved for use in F# code generation [/home/hhh/repos/Xantham/scripts/.partition-work/Fidelity.CloudEdge.Workers/Fidelity.CloudEdge.Workers.fsproj]
/home/hhh/repos/Xantham/scripts/.partition-work/Fidelity.CloudEdge.Workers/Fidelity.CloudEdge.Workers.fs(3399,18): warning FS1104: Identifiers containing '@' are reserved for use in F# code generation [/home/hhh/repos/Xantham/scripts/.partition-work/Fidelity.CloudEdge.Workers/Fidelity.CloudEdge.Workers.fsproj]
/home/hhh/repos/Xantham/scripts/.partition-work/Fidelity.CloudEdge.Workers/Fidelity.CloudEdge.Workers.fs(3402,18): warning FS1104: Identifiers containing '@' are reserved for use in F# code generation [/home/hhh/repos/Xantham/scripts/.partition-work/Fidelity.CloudEdge.Workers/Fidelity.CloudEdge.Workers.fsproj]
/home/hhh/repos/Xantham/scripts/.partition-work/Fidelity.CloudEdge.Workers/Fidelity.CloudEdge.Workers.fs(3405,18): warning FS1104: Identifiers containing '@' are reserved for use in F# code generation [/home/hhh/repos/Xantham/scripts/.partition-work/Fidelity.CloudEdge.Workers/Fidelity.CloudEdge.Workers.fsproj]
/home/hhh/repos/Xantham/scripts/.partition-work/Fidelity.CloudEdge.Workers/Fidelity.CloudEdge.Workers.fs(3408,18): warning FS1104: Identifiers containing '@' are reserved for use in F# code generation [/home/hhh/repos/Xantham/scripts/.partition-work/Fidelity.CloudEdge.Workers/Fidelity.CloudEdge.Workers.fsproj]
/home/hhh/repos/Xantham/scripts/.partition-work/Fidelity.CloudEdge.Workers/Fidelity.CloudEdge.Workers.fs(3411,18): warning FS1104: Identifiers containing '@' are reserved for use in F# code generation [/home/hhh/repos/Xantham/scripts/.partition-work/Fidelity.CloudEdge.Workers/Fidelity.CloudEdge.Workers.fsproj]
/home/hhh/repos/Xantham/scripts/.partition-work/Fidelity.CloudEdge.Workers/Fidelity.CloudEdge.Workers.fs(3414,18): warning FS1104: Identifiers containing '@' are reserved for use in F# code generation [/home/hhh/repos/Xantham/scripts/.partition-work/Fidelity.CloudEdge.Workers/Fidelity.CloudEdge.Workers.fsproj]
/home/hhh/repos/Xantham/scripts/.partition-work/Fidelity.CloudEdge.Workers/Fidelity.CloudEdge.Workers.fs(3417,18): warning FS1104: Identifiers containing '@' are reserved for use in F# code generation [/home/hhh/repos/Xantham/scripts/.partition-work/Fidelity.CloudEdge.Workers/Fidelity.CloudEdge.Workers.fsproj]
/home/hhh/repos/Xantham/scripts/.partition-work/Fidelity.CloudEdge.Workers/Fidelity.CloudEdge.Workers.fs(3420,18): warning FS1104: Identifiers containing '@' are reserved for use in F# code generation [/home/hhh/repos/Xantham/scripts/.partition-work/Fidelity.CloudEdge.Workers/Fidelity.CloudEdge.Workers.fsproj]
/home/hhh/repos/Xantham/scripts/.partition-work/Fidelity.CloudEdge.Workers/Fidelity.CloudEdge.Workers.fs(3423,18): warning FS1104: Identifiers containing '@' are reserved for use in F# code generation [/home/hhh/repos/Xantham/scripts/.partition-work/Fidelity.CloudEdge.Workers/Fidelity.CloudEdge.Workers.fsproj]
/home/hhh/repos/Xantham/scripts/.partition-work/Fidelity.CloudEdge.Workers/Fidelity.CloudEdge.Workers.fs(3426,18): warning FS1104: Identifiers containing '@' are reserved for use in F# code generation [/home/hhh/repos/Xantham/scripts/.partition-work/Fidelity.CloudEdge.Workers/Fidelity.CloudEdge.Workers.fsproj]
/home/hhh/repos/Xantham/scripts/.partition-work/Fidelity.CloudEdge.Workers/Fidelity.CloudEdge.Workers.fs(3429,18): warning FS1104: Identifiers containing '@' are reserved for use in F# code generation [/home/hhh/repos/Xantham/scripts/.partition-work/Fidelity.CloudEdge.Workers/Fidelity.CloudEdge.Workers.fsproj]
/home/hhh/repos/Xantham/scripts/.partition-work/Fidelity.CloudEdge.Workers/Fidelity.CloudEdge.Workers.fs(3432,18): warning FS1104: Identifiers containing '@' are reserved for use in F# code generation [/home/hhh/repos/Xantham/scripts/.partition-work/Fidelity.CloudEdge.Workers/Fidelity.CloudEdge.Workers.fsproj]
/home/hhh/repos/Xantham/scripts/.partition-work/Fidelity.CloudEdge.Workers/Fidelity.CloudEdge.Workers.fs(3435,18): warning FS1104: Identifiers containing '@' are reserved for use in F# code generation [/home/hhh/repos/Xantham/scripts/.partition-work/Fidelity.CloudEdge.Workers/Fidelity.CloudEdge.Workers.fsproj]
/home/hhh/repos/Xantham/scripts/.partition-work/Fidelity.CloudEdge.Workers/Fidelity.CloudEdge.Workers.fs(3438,18): warning FS1104: Identifiers containing '@' are reserved for use in F# code generation [/home/hhh/repos/Xantham/scripts/.partition-work/Fidelity.CloudEdge.Workers/Fidelity.CloudEdge.Workers.fsproj]
/home/hhh/repos/Xantham/scripts/.partition-work/Fidelity.CloudEdge.Workers/Fidelity.CloudEdge.Workers.fs(3441,18): warning FS1104: Identifiers containing '@' are reserved for use in F# code generation [/home/hhh/repos/Xantham/scripts/.partition-work/Fidelity.CloudEdge.Workers/Fidelity.CloudEdge.Workers.fsproj]
/home/hhh/repos/Xantham/scripts/.partition-work/Fidelity.CloudEdge.Workers/Fidelity.CloudEdge.Workers.fs(3444,18): warning FS1104: Identifiers containing '@' are reserved for use in F# code generation [/home/hhh/repos/Xantham/scripts/.partition-work/Fidelity.CloudEdge.Workers/Fidelity.CloudEdge.Workers.fsproj]
/home/hhh/repos/Xantham/scripts/.partition-work/Fidelity.CloudEdge.Workers/Fidelity.CloudEdge.Workers.fs(3447,18): warning FS1104: Identifiers containing '@' are reserved for use in F# code generation [/home/hhh/repos/Xantham/scripts/.partition-work/Fidelity.CloudEdge.Workers/Fidelity.CloudEdge.Workers.fsproj]
/home/hhh/repos/Xantham/scripts/.partition-work/Fidelity.CloudEdge.Workers/Fidelity.CloudEdge.Workers.fs(3450,18): warning FS1104: Identifiers containing '@' are reserved for use in F# code generation [/home/hhh/repos/Xantham/scripts/.partition-work/Fidelity.CloudEdge.Workers/Fidelity.CloudEdge.Workers.fsproj]
/home/hhh/repos/Xantham/scripts/.partition-work/Fidelity.CloudEdge.Workers/Fidelity.CloudEdge.Workers.fs(3453,18): warning FS1104: Identifiers containing '@' are reserved for use in F# code generation [/home/hhh/repos/Xantham/scripts/.partition-work/Fidelity.CloudEdge.Workers/Fidelity.CloudEdge.Workers.fsproj]
/home/hhh/repos/Xantham/scripts/.partition-work/Fidelity.CloudEdge.Workers/Fidelity.CloudEdge.Workers.fs(3456,18): warning FS1104: Identifiers containing '@' are reserved for use in F# code generation [/home/hhh/repos/Xantham/scripts/.partition-work/Fidelity.CloudEdge.Workers/Fidelity.CloudEdge.Workers.fsproj]
/home/hhh/repos/Xantham/scripts/.partition-work/Fidelity.CloudEdge.Workers/Fidelity.CloudEdge.Workers.fs(3459,18): warning FS1104: Identifiers containing '@' are reserved for use in F# code generation [/home/hhh/repos/Xantham/scripts/.partition-work/Fidelity.CloudEdge.Workers/Fidelity.CloudEdge.Workers.fsproj]
/home/hhh/repos/Xantham/scripts/.partition-work/Fidelity.CloudEdge.Workers/Fidelity.CloudEdge.Workers.fs(4119,27): warning FS0046: The identifier 'params' is reserved for future use by F# [/home/hhh/repos/Xantham/scripts/.partition-work/Fidelity.CloudEdge.Workers/Fidelity.CloudEdge.Workers.fsproj]
/home/hhh/repos/Xantham/scripts/.partition-work/Fidelity.CloudEdge.Workers/Fidelity.CloudEdge.Workers.fs(4599,18): warning FS0046: The identifier 'params' is reserved for future use by F# [/home/hhh/repos/Xantham/scripts/.partition-work/Fidelity.CloudEdge.Workers/Fidelity.CloudEdge.Workers.fsproj]
/home/hhh/repos/Xantham/scripts/.partition-work/Fidelity.CloudEdge.Workers/Fidelity.CloudEdge.Workers.fs(5272,25): warning FS0046: The identifier 'params' is reserved for future use by F# [/home/hhh/repos/Xantham/scripts/.partition-work/Fidelity.CloudEdge.Workers/Fidelity.CloudEdge.Workers.fsproj]
/home/hhh/repos/Xantham/scripts/.partition-work/Fidelity.CloudEdge.Workers/Fidelity.CloudEdge.Workers.fs(5275,26): warning FS0046: The identifier 'params' is reserved for future use by F# [/home/hhh/repos/Xantham/scripts/.partition-work/Fidelity.CloudEdge.Workers/Fidelity.CloudEdge.Workers.fsproj]
/home/hhh/repos/Xantham/scripts/.partition-work/Fidelity.CloudEdge.Workers/Fidelity.CloudEdge.Workers.fs(5276,35): warning FS0046: The identifier 'params' is reserved for future use by F# [/home/hhh/repos/Xantham/scripts/.partition-work/Fidelity.CloudEdge.Workers/Fidelity.CloudEdge.Workers.fsproj]
/home/hhh/repos/Xantham/scripts/.partition-work/Fidelity.CloudEdge.Workers/Fidelity.CloudEdge.Workers.fs(5277,35): warning FS0046: The identifier 'params' is reserved for future use by F# [/home/hhh/repos/Xantham/scripts/.partition-work/Fidelity.CloudEdge.Workers/Fidelity.CloudEdge.Workers.fsproj]
/home/hhh/repos/Xantham/scripts/.partition-work/Fidelity.CloudEdge.Workers/Fidelity.CloudEdge.Workers.fs(5293,26): warning FS0046: The identifier 'params' is reserved for future use by F# [/home/hhh/repos/Xantham/scripts/.partition-work/Fidelity.CloudEdge.Workers/Fidelity.CloudEdge.Workers.fsproj]
/home/hhh/repos/Xantham/scripts/.partition-work/Fidelity.CloudEdge.Workers/Fidelity.CloudEdge.Workers.fs(5294,28): warning FS0046: The identifier 'params' is reserved for future use by F# [/home/hhh/repos/Xantham/scripts/.partition-work/Fidelity.CloudEdge.Workers/Fidelity.CloudEdge.Workers.fsproj]
/home/hhh/repos/Xantham/scripts/.partition-work/Fidelity.CloudEdge.Workers/Fidelity.CloudEdge.Workers.fs(5295,28): warning FS0046: The identifier 'params' is reserved for future use by F# [/home/hhh/repos/Xantham/scripts/.partition-work/Fidelity.CloudEdge.Workers/Fidelity.CloudEdge.Workers.fsproj]
/home/hhh/repos/Xantham/scripts/.partition-work/Fidelity.CloudEdge.Workers/Fidelity.CloudEdge.Workers.fs(5738,25): warning FS0046: The identifier 'params' is reserved for future use by F# [/home/hhh/repos/Xantham/scripts/.partition-work/Fidelity.CloudEdge.Workers/Fidelity.CloudEdge.Workers.fsproj]
/home/hhh/repos/Xantham/scripts/.partition-work/Fidelity.CloudEdge.Workers/Fidelity.CloudEdge.Workers.fs(5986,65): warning FS0046: The identifier 'params' is reserved for future use by F# [/home/hhh/repos/Xantham/scripts/.partition-work/Fidelity.CloudEdge.Workers/Fidelity.CloudEdge.Workers.fsproj]
/home/hhh/repos/Xantham/scripts/.partition-work/Fidelity.CloudEdge.Workers/Fidelity.CloudEdge.Workers.fs(5987,42): warning FS0046: The identifier 'params' is reserved for future use by F# [/home/hhh/repos/Xantham/scripts/.partition-work/Fidelity.CloudEdge.Workers/Fidelity.CloudEdge.Workers.fsproj]
/home/hhh/repos/Xantham/scripts/.partition-work/Fidelity.CloudEdge.Workers/Fidelity.CloudEdge.Workers.fs(6381,25): warning FS0046: The identifier 'params' is reserved for future use by F# [/home/hhh/repos/Xantham/scripts/.partition-work/Fidelity.CloudEdge.Workers/Fidelity.CloudEdge.Workers.fsproj]
/home/hhh/repos/Xantham/scripts/.partition-work/Fidelity.CloudEdge.Workers/Fidelity.CloudEdge.Workers.fs(6382,27): warning FS0046: The identifier 'params' is reserved for future use by F# [/home/hhh/repos/Xantham/scripts/.partition-work/Fidelity.CloudEdge.Workers/Fidelity.CloudEdge.Workers.fsproj]
/home/hhh/repos/Xantham/scripts/.partition-work/Fidelity.CloudEdge.Workers/Fidelity.CloudEdge.Workers.fs(6521,18): warning FS0046: The identifier 'params' is reserved for future use by F# [/home/hhh/repos/Xantham/scripts/.partition-work/Fidelity.CloudEdge.Workers/Fidelity.CloudEdge.Workers.fsproj]
/home/hhh/repos/Xantham/scripts/.partition-work/Fidelity.CloudEdge.Workers/Fidelity.CloudEdge.Workers.fs(7223,25): warning FS0046: The identifier 'params' is reserved for future use by F# [/home/hhh/repos/Xantham/scripts/.partition-work/Fidelity.CloudEdge.Workers/Fidelity.CloudEdge.Workers.fsproj]
/home/hhh/repos/Xantham/scripts/.partition-work/Fidelity.CloudEdge.Workers/Fidelity.CloudEdge.Workers.fs(7264,25): warning FS0046: The identifier 'params' is reserved for future use by F# [/home/hhh/repos/Xantham/scripts/.partition-work/Fidelity.CloudEdge.Workers/Fidelity.CloudEdge.Workers.fsproj]
/home/hhh/repos/Xantham/scripts/.partition-work/Fidelity.CloudEdge.Workers/Fidelity.CloudEdge.Workers.fs(7265,27): warning FS0046: The identifier 'params' is reserved for future use by F# [/home/hhh/repos/Xantham/scripts/.partition-work/Fidelity.CloudEdge.Workers/Fidelity.CloudEdge.Workers.fsproj]
/home/hhh/repos/Xantham/scripts/.partition-work/Fidelity.CloudEdge.Workers/Fidelity.CloudEdge.Workers.fs(8227,26): warning FS0046: The identifier 'params' is reserved for future use by F# [/home/hhh/repos/Xantham/scripts/.partition-work/Fidelity.CloudEdge.Workers/Fidelity.CloudEdge.Workers.fsproj]
/home/hhh/repos/Xantham/scripts/.partition-work/Fidelity.CloudEdge.Workers/Fidelity.CloudEdge.Workers.fs(8557,26): warning FS0046: The identifier 'params' is reserved for future use by F# [/home/hhh/repos/Xantham/scripts/.partition-work/Fidelity.CloudEdge.Workers/Fidelity.CloudEdge.Workers.fsproj]
/home/hhh/repos/Xantham/scripts/.partition-work/Fidelity.CloudEdge.Workers/Fidelity.CloudEdge.Workers.fs(8813,18): warning FS0046: The identifier 'include' is reserved for future use by F# [/home/hhh/repos/Xantham/scripts/.partition-work/Fidelity.CloudEdge.Workers/Fidelity.CloudEdge.Workers.fsproj]
/home/hhh/repos/Xantham/scripts/.partition-work/Fidelity.CloudEdge.Workers/Fidelity.CloudEdge.Workers.fs(10339,22): warning FS0046: The identifier 'include' is reserved for future use by F# [/home/hhh/repos/Xantham/scripts/.partition-work/Fidelity.CloudEdge.Workers/Fidelity.CloudEdge.Workers.fsproj]
/home/hhh/repos/Xantham/scripts/.partition-work/Fidelity.CloudEdge.Workers/Fidelity.CloudEdge.Workers.fs(10364,26): warning FS0046: The identifier 'include' is reserved for future use by F# [/home/hhh/repos/Xantham/scripts/.partition-work/Fidelity.CloudEdge.Workers/Fidelity.CloudEdge.Workers.fsproj]
/home/hhh/repos/Xantham/scripts/.partition-work/Fidelity.CloudEdge.Workers/Fidelity.CloudEdge.Workers.fs(13222,22): warning FS0046: The identifier 'params' is reserved for future use by F# [/home/hhh/repos/Xantham/scripts/.partition-work/Fidelity.CloudEdge.Workers/Fidelity.CloudEdge.Workers.fsproj]
/home/hhh/repos/Xantham/scripts/.partition-work/Fidelity.CloudEdge.Workers/Fidelity.CloudEdge.Workers.fs(13789,22): warning FS0046: The identifier 'include' is reserved for future use by F# [/home/hhh/repos/Xantham/scripts/.partition-work/Fidelity.CloudEdge.Workers/Fidelity.CloudEdge.Workers.fsproj]
/home/hhh/repos/Xantham/scripts/.partition-work/Fidelity.CloudEdge.Workers/Fidelity.CloudEdge.Workers.fs(14974,22): warning FS0046: The identifier 'include' is reserved for future use by F# [/home/hhh/repos/Xantham/scripts/.partition-work/Fidelity.CloudEdge.Workers/Fidelity.CloudEdge.Workers.fsproj]
    126 Warning(s)
    0 Error(s)

Time Elapsed 00:00:06.48
