  Determining projects to restore...
  Restored /home/hhh/repos/Xantham/scripts/.partition-work/Fidelity.CloudEdge.Zod/Fidelity.CloudEdge.Zod.fsproj (in 123 ms).
  1 of 2 projects are up-to-date for restore.
  Xantham.Fable.Core -> /home/hhh/repos/Xantham/src/Xantham.Fable.Core/bin/Debug/net10.0/Xantham.Fable.Core.dll
/home/hhh/repos/Xantham/scripts/.partition-work/Fidelity.CloudEdge.Zod/Fidelity.CloudEdge.Zod.fs(2637,18): warning FS0046: The identifier 'params' is reserved for future use by F# [/home/hhh/repos/Xantham/scripts/.partition-work/Fidelity.CloudEdge.Zod/Fidelity.CloudEdge.Zod.fsproj]
/home/hhh/repos/Xantham/scripts/.partition-work/Fidelity.CloudEdge.Zod/Fidelity.CloudEdge.Zod.fs(3552,18): warning FS0046: The identifier 'sealed' is reserved for future use by F# [/home/hhh/repos/Xantham/scripts/.partition-work/Fidelity.CloudEdge.Zod/Fidelity.CloudEdge.Zod.fsproj]
/home/hhh/repos/Xantham/scripts/.partition-work/Fidelity.CloudEdge.Zod/Fidelity.CloudEdge.Zod.fs(4278,18): warning FS0046: The identifier 'params' is reserved for future use by F# [/home/hhh/repos/Xantham/scripts/.partition-work/Fidelity.CloudEdge.Zod/Fidelity.CloudEdge.Zod.fsproj]
/home/hhh/repos/Xantham/scripts/.partition-work/Fidelity.CloudEdge.Zod/Fidelity.CloudEdge.Zod.fs(4975,18): warning FS0046: The identifier 'continue' is reserved for future use by F# [/home/hhh/repos/Xantham/scripts/.partition-work/Fidelity.CloudEdge.Zod/Fidelity.CloudEdge.Zod.fsproj]
/home/hhh/repos/Xantham/scripts/.partition-work/Fidelity.CloudEdge.Zod/Fidelity.CloudEdge.Zod.fs(4993,18): warning FS1104: Identifiers containing '@' are reserved for use in F# code generation [/home/hhh/repos/Xantham/scripts/.partition-work/Fidelity.CloudEdge.Zod/Fidelity.CloudEdge.Zod.fsproj]
/home/hhh/repos/Xantham/scripts/.partition-work/Fidelity.CloudEdge.Zod/Fidelity.CloudEdge.Zod.fs(4996,18): warning FS1104: Identifiers containing '@' are reserved for use in F# code generation [/home/hhh/repos/Xantham/scripts/.partition-work/Fidelity.CloudEdge.Zod/Fidelity.CloudEdge.Zod.fsproj]
/home/hhh/repos/Xantham/scripts/.partition-work/Fidelity.CloudEdge.Zod/Fidelity.CloudEdge.Zod.fs(5502,18): warning FS0046: The identifier 'params' is reserved for future use by F# [/home/hhh/repos/Xantham/scripts/.partition-work/Fidelity.CloudEdge.Zod/Fidelity.CloudEdge.Zod.fsproj]
/home/hhh/repos/Xantham/scripts/.partition-work/Fidelity.CloudEdge.Zod/Fidelity.CloudEdge.Zod.fs(5851,18): warning FS0046: The identifier 'params' is reserved for future use by F# [/home/hhh/repos/Xantham/scripts/.partition-work/Fidelity.CloudEdge.Zod/Fidelity.CloudEdge.Zod.fsproj]
/home/hhh/repos/Xantham/scripts/.partition-work/Fidelity.CloudEdge.Zod/Fidelity.CloudEdge.Zod.fs(5925,18): warning FS1104: Identifiers containing '@' are reserved for use in F# code generation [/home/hhh/repos/Xantham/scripts/.partition-work/Fidelity.CloudEdge.Zod/Fidelity.CloudEdge.Zod.fsproj]
/home/hhh/repos/Xantham/scripts/.partition-work/Fidelity.CloudEdge.Zod/Fidelity.CloudEdge.Zod.fs(5928,18): warning FS1104: Identifiers containing '@' are reserved for use in F# code generation [/home/hhh/repos/Xantham/scripts/.partition-work/Fidelity.CloudEdge.Zod/Fidelity.CloudEdge.Zod.fsproj]
/home/hhh/repos/Xantham/scripts/.partition-work/Fidelity.CloudEdge.Zod/Fidelity.CloudEdge.Zod.fs(6050,18): warning FS0046: The identifier 'params' is reserved for future use by F# [/home/hhh/repos/Xantham/scripts/.partition-work/Fidelity.CloudEdge.Zod/Fidelity.CloudEdge.Zod.fsproj]
/home/hhh/repos/Xantham/scripts/.partition-work/Fidelity.CloudEdge.Zod/Fidelity.CloudEdge.Zod.fs(6086,22): warning FS0046: The identifier 'continue' is reserved for future use by F# [/home/hhh/repos/Xantham/scripts/.partition-work/Fidelity.CloudEdge.Zod/Fidelity.CloudEdge.Zod.fsproj]
  Fidelity.CloudEdge.Zod -> /home/hhh/repos/Xantham/scripts/.partition-work/Fidelity.CloudEdge.Zod/bin/Debug/net10.0/Fidelity.CloudEdge.Zod.dll

Build succeeded.

/home/hhh/repos/Xantham/scripts/.partition-work/Fidelity.CloudEdge.Zod/Fidelity.CloudEdge.Zod.fs(2637,18): warning FS0046: The identifier 'params' is reserved for future use by F# [/home/hhh/repos/Xantham/scripts/.partition-work/Fidelity.CloudEdge.Zod/Fidelity.CloudEdge.Zod.fsproj]
/home/hhh/repos/Xantham/scripts/.partition-work/Fidelity.CloudEdge.Zod/Fidelity.CloudEdge.Zod.fs(3552,18): warning FS0046: The identifier 'sealed' is reserved for future use by F# [/home/hhh/repos/Xantham/scripts/.partition-work/Fidelity.CloudEdge.Zod/Fidelity.CloudEdge.Zod.fsproj]
/home/hhh/repos/Xantham/scripts/.partition-work/Fidelity.CloudEdge.Zod/Fidelity.CloudEdge.Zod.fs(4278,18): warning FS0046: The identifier 'params' is reserved for future use by F# [/home/hhh/repos/Xantham/scripts/.partition-work/Fidelity.CloudEdge.Zod/Fidelity.CloudEdge.Zod.fsproj]
/home/hhh/repos/Xantham/scripts/.partition-work/Fidelity.CloudEdge.Zod/Fidelity.CloudEdge.Zod.fs(4975,18): warning FS0046: The identifier 'continue' is reserved for future use by F# [/home/hhh/repos/Xantham/scripts/.partition-work/Fidelity.CloudEdge.Zod/Fidelity.CloudEdge.Zod.fsproj]
/home/hhh/repos/Xantham/scripts/.partition-work/Fidelity.CloudEdge.Zod/Fidelity.CloudEdge.Zod.fs(4993,18): warning FS1104: Identifiers containing '@' are reserved for use in F# code generation [/home/hhh/repos/Xantham/scripts/.partition-work/Fidelity.CloudEdge.Zod/Fidelity.CloudEdge.Zod.fsproj]
/home/hhh/repos/Xantham/scripts/.partition-work/Fidelity.CloudEdge.Zod/Fidelity.CloudEdge.Zod.fs(4996,18): warning FS1104: Identifiers containing '@' are reserved for use in F# code generation [/home/hhh/repos/Xantham/scripts/.partition-work/Fidelity.CloudEdge.Zod/Fidelity.CloudEdge.Zod.fsproj]
/home/hhh/repos/Xantham/scripts/.partition-work/Fidelity.CloudEdge.Zod/Fidelity.CloudEdge.Zod.fs(5502,18): warning FS0046: The identifier 'params' is reserved for future use by F# [/home/hhh/repos/Xantham/scripts/.partition-work/Fidelity.CloudEdge.Zod/Fidelity.CloudEdge.Zod.fsproj]
/home/hhh/repos/Xantham/scripts/.partition-work/Fidelity.CloudEdge.Zod/Fidelity.CloudEdge.Zod.fs(5851,18): warning FS0046: The identifier 'params' is reserved for future use by F# [/home/hhh/repos/Xantham/scripts/.partition-work/Fidelity.CloudEdge.Zod/Fidelity.CloudEdge.Zod.fsproj]
/home/hhh/repos/Xantham/scripts/.partition-work/Fidelity.CloudEdge.Zod/Fidelity.CloudEdge.Zod.fs(5925,18): warning FS1104: Identifiers containing '@' are reserved for use in F# code generation [/home/hhh/repos/Xantham/scripts/.partition-work/Fidelity.CloudEdge.Zod/Fidelity.CloudEdge.Zod.fsproj]
/home/hhh/repos/Xantham/scripts/.partition-work/Fidelity.CloudEdge.Zod/Fidelity.CloudEdge.Zod.fs(5928,18): warning FS1104: Identifiers containing '@' are reserved for use in F# code generation [/home/hhh/repos/Xantham/scripts/.partition-work/Fidelity.CloudEdge.Zod/Fidelity.CloudEdge.Zod.fsproj]
/home/hhh/repos/Xantham/scripts/.partition-work/Fidelity.CloudEdge.Zod/Fidelity.CloudEdge.Zod.fs(6050,18): warning FS0046: The identifier 'params' is reserved for future use by F# [/home/hhh/repos/Xantham/scripts/.partition-work/Fidelity.CloudEdge.Zod/Fidelity.CloudEdge.Zod.fsproj]
/home/hhh/repos/Xantham/scripts/.partition-work/Fidelity.CloudEdge.Zod/Fidelity.CloudEdge.Zod.fs(6086,22): warning FS0046: The identifier 'continue' is reserved for future use by F# [/home/hhh/repos/Xantham/scripts/.partition-work/Fidelity.CloudEdge.Zod/Fidelity.CloudEdge.Zod.fsproj]
    12 Warning(s)
    0 Error(s)

Time Elapsed 00:00:05.30
